make[1]: 正在进入目录 `/labs/linux-lab'
sudo env PATH=/labs/linux-lab/output/aarch64/qemu-v4.1.1-raspi3/aarch64-softmmu/:/usr/local/sbin:/usr/local/bin:/usr/sbin:/usr/bin:/sbin:/bin  qemu-system-aarch64  -M raspi3 -m 1024M  -smp 4 -kernel /labs/linux-lab/output/aarch64/linux-v5.3.9-raspi3/arch/arm64/boot/Image -no-reboot  -initrd /labs/linux-lab/output/aarch64/buildroot-2019.02.2-raspi3/images/rootfs.cpio.gz -dtb /labs/linux-lab/output/aarch64/linux-v5.3.9-raspi3/arch/arm64/boot/dts/broadcom/bcm2837-rpi-3-b-plus.dtb -nographic -cpu cortex-a53 -serial mon:stdio -append 'route=172.17.0.3 iface=eth0 root=/dev/ram0 earlycon=pl011,0x3f201000 memblock=debug console=ttyAMA0,115200'
[    0.000000] Booting Linux on physical CPU 0x0000000000 [0x410fd034]
[    0.000000] Linux version 5.3.9-v8+ (root@linux-lab) (gcc version 4.9.3 20150413 (prerelease) (Linaro GCC 4.9-2015.05)) #18 SMP PREEMPT Wed Dec 4 16:26:54 UTC 2019
[    0.000000] Machine model: Raspberry Pi 3 Model B+
[    0.000000] earlycon: pl11 at MMIO 0x000000003f201000 (options '')
[    0.000000] printk: bootconsole [pl11] enabled
[    0.000000] arm64_memblock_init: jjj linear region size--<256MB>
[    0.000000] fdt_enforce_memory_region: jjj fdt_enforce_memory_region start ...
[    0.000000] memblock_remove: [0x0001000000000000-0x0000fffffffffffe] arm64_memblock_init+0x94/0x310
[    0.000000] memblock_isolate_range: jjj start_rgn = <0>, end_rgn = <278281804>
[    0.000000] memblock_remove: [0x0000004000000000-0x0000003ffffffffe] arm64_memblock_init+0xc4/0x310
[    0.000000] memblock_isolate_range: jjj start_rgn = <0>, end_rgn = <278281804>
[    0.000000] memblock_remove: [0x0000000008000000-0x000000000812ffff] arm64_memblock_init+0x198/0x310
[    0.000000] memblock_isolate_range: jjj start_rgn = <1>, end_rgn = <278281804>
[    0.000000] memblock_add: [0x0000000008000000-0x000000000812ffff] arm64_memblock_init+0x1a4/0x310
[    0.000000] memblock_reserve: [0x0000000008000000-0x000000000812ffff] arm64_memblock_init+0x1b0/0x310
[    0.000000] memblock_reserve: [0x0000000000080000-0x0000000000ab1fff] arm64_memblock_init+0x214/0x310
[    0.000000] memblock_reserve: [0x0000000000000000-0x0000000000000fff] early_init_dt_reserve_memory_arch+0x3c/0x4c
[    0.000000] memblock_reserve: [0x000000003bfff000-0x000000003bffffff] memblock_alloc_range_nid+0xd0/0x13c
[    0.000000] memblock_reserve: [0x000000003bffe000-0x000000003bffefff] memblock_alloc_range_nid+0xd0/0x13c
[    0.000000] memblock_reserve: [0x000000003bffd000-0x000000003bffdfff] memblock_alloc_range_nid+0xd0/0x13c
[    0.000000] memblock_reserve: [0x000000003bffc000-0x000000003bffcfff] memblock_alloc_range_nid+0xd0/0x13c
[    0.000000] memblock_reserve: [0x000000003bffb000-0x000000003bffbfff] memblock_alloc_range_nid+0xd0/0x13c
[    0.000000] memblock_reserve: [0x000000003bffa000-0x000000003bffafff] memblock_alloc_range_nid+0xd0/0x13c
[    0.000000] memblock_isolate_range: jjj start_rgn = <1>, end_rgn = <278281820>
[    0.000000] memblock_reserve: [0x000000003bff9000-0x000000003bff9fff] memblock_alloc_range_nid+0xd0/0x13c
[    0.000000] memblock_reserve: [0x000000003bff8000-0x000000003bff8fff] memblock_alloc_range_nid+0xd0/0x13c
[    0.000000] memblock_reserve: [0x000000003bff7000-0x000000003bff7fff] memblock_alloc_range_nid+0xd0/0x13c
[    0.000000] memblock_reserve: [0x000000003bff6000-0x000000003bff6fff] memblock_alloc_range_nid+0xd0/0x13c
[    0.000000] memblock_reserve: [0x000000003bff5000-0x000000003bff5fff] memblock_alloc_range_nid+0xd0/0x13c
[    0.000000] memblock_reserve: [0x000000003bff4000-0x000000003bff4fff] memblock_alloc_range_nid+0xd0/0x13c
[    0.000000] memblock_reserve: [0x000000003bff3000-0x000000003bff3fff] memblock_alloc_range_nid+0xd0/0x13c
[    0.000000] memblock_reserve: [0x000000003bff2000-0x000000003bff2fff] memblock_alloc_range_nid+0xd0/0x13c
[    0.000000] memblock_reserve: [0x000000003bff1000-0x000000003bff1fff] memblock_alloc_range_nid+0xd0/0x13c
[    0.000000] memblock_reserve: [0x000000003bff0000-0x000000003bff0fff] memblock_alloc_range_nid+0xd0/0x13c
[    0.000000] memblock_reserve: [0x000000003bfef000-0x000000003bfeffff] memblock_alloc_range_nid+0xd0/0x13c
[    0.000000] memblock_reserve: [0x000000003bfee000-0x000000003bfeefff] memblock_alloc_range_nid+0xd0/0x13c
[    0.000000] memblock_reserve: [0x000000003bfed000-0x000000003bfedfff] memblock_alloc_range_nid+0xd0/0x13c
[    0.000000] memblock_reserve: [0x000000003bfec000-0x000000003bfecfff] memblock_alloc_range_nid+0xd0/0x13c
[    0.000000] memblock_reserve: [0x000000003bfeb000-0x000000003bfebfff] memblock_alloc_range_nid+0xd0/0x13c
[    0.000000] memblock_reserve: [0x000000003bfea000-0x000000003bfeafff] memblock_alloc_range_nid+0xd0/0x13c
[    0.000000] memblock_reserve: [0x000000003bfe9000-0x000000003bfe9fff] memblock_alloc_range_nid+0xd0/0x13c
[    0.000000] memblock_reserve: [0x000000003bfe8000-0x000000003bfe8fff] memblock_alloc_range_nid+0xd0/0x13c
[    0.000000] memblock_reserve: [0x000000003bfe7000-0x000000003bfe7fff] memblock_alloc_range_nid+0xd0/0x13c
[    0.000000] memblock_reserve: [0x000000003bfe6000-0x000000003bfe6fff] memblock_alloc_range_nid+0xd0/0x13c
[    0.000000] memblock_reserve: [0x000000003bfe5000-0x000000003bfe5fff] memblock_alloc_range_nid+0xd0/0x13c
[    0.000000] memblock_reserve: [0x000000003bfe4000-0x000000003bfe4fff] memblock_alloc_range_nid+0xd0/0x13c
[    0.000000] memblock_reserve: [0x000000003bfe3000-0x000000003bfe3fff] memblock_alloc_range_nid+0xd0/0x13c
[    0.000000] memblock_reserve: [0x000000003bfe2000-0x000000003bfe2fff] memblock_alloc_range_nid+0xd0/0x13c
[    0.000000] memblock_reserve: [0x000000003bfe1000-0x000000003bfe1fff] memblock_alloc_range_nid+0xd0/0x13c
[    0.000000] memblock_reserve: [0x000000003bfe0000-0x000000003bfe0fff] memblock_alloc_range_nid+0xd0/0x13c
[    0.000000] memblock_reserve: [0x000000003bfdf000-0x000000003bfdffff] memblock_alloc_range_nid+0xd0/0x13c
[    0.000000] memblock_reserve: [0x000000003bfde000-0x000000003bfdefff] memblock_alloc_range_nid+0xd0/0x13c
[    0.000000] memblock_reserve: [0x000000003bfdd000-0x000000003bfddfff] memblock_alloc_range_nid+0xd0/0x13c
[    0.000000] memblock_reserve: [0x000000003bfdc000-0x000000003bfdcfff] memblock_alloc_range_nid+0xd0/0x13c
[    0.000000] memblock_reserve: [0x000000003bfdb000-0x000000003bfdbfff] memblock_alloc_range_nid+0xd0/0x13c
[    0.000000] memblock_reserve: [0x000000003bfda000-0x000000003bfdafff] memblock_alloc_range_nid+0xd0/0x13c
[    0.000000] memblock_reserve: [0x000000003bfd9000-0x000000003bfd9fff] memblock_alloc_range_nid+0xd0/0x13c
[    0.000000] memblock_reserve: [0x000000003bfd8000-0x000000003bfd8fff] memblock_alloc_range_nid+0xd0/0x13c
[    0.000000] memblock_reserve: [0x000000003bfd7000-0x000000003bfd7fff] memblock_alloc_range_nid+0xd0/0x13c
[    0.000000] memblock_reserve: [0x000000003bfd6000-0x000000003bfd6fff] memblock_alloc_range_nid+0xd0/0x13c
[    0.000000] memblock_reserve: [0x000000003bfd5000-0x000000003bfd5fff] memblock_alloc_range_nid+0xd0/0x13c
[    0.000000] memblock_reserve: [0x000000003bfd4000-0x000000003bfd4fff] memblock_alloc_range_nid+0xd0/0x13c
[    0.000000] memblock_reserve: [0x000000003bfd3000-0x000000003bfd3fff] memblock_alloc_range_nid+0xd0/0x13c
[    0.000000] memblock_reserve: [0x000000003bfd2000-0x000000003bfd2fff] memblock_alloc_range_nid+0xd0/0x13c
[    0.000000] memblock_reserve: [0x000000003bfd1000-0x000000003bfd1fff] memblock_alloc_range_nid+0xd0/0x13c
[    0.000000] memblock_reserve: [0x000000003bfd0000-0x000000003bfd0fff] memblock_alloc_range_nid+0xd0/0x13c
[    0.000000] memblock_reserve: [0x000000003bfcf000-0x000000003bfcffff] memblock_alloc_range_nid+0xd0/0x13c
[    0.000000] memblock_reserve: [0x000000003bfce000-0x000000003bfcefff] memblock_alloc_range_nid+0xd0/0x13c
[    0.000000] memblock_reserve: [0x000000003bfcd000-0x000000003bfcdfff] memblock_alloc_range_nid+0xd0/0x13c
[    0.000000] memblock_reserve: [0x000000003bfcc000-0x000000003bfccfff] memblock_alloc_range_nid+0xd0/0x13c
[    0.000000] memblock_reserve: [0x000000003bfcb000-0x000000003bfcbfff] memblock_alloc_range_nid+0xd0/0x13c
[    0.000000] memblock_reserve: [0x000000003bfca000-0x000000003bfcafff] memblock_alloc_range_nid+0xd0/0x13c
[    0.000000] memblock_reserve: [0x000000003bfc9000-0x000000003bfc9fff] memblock_alloc_range_nid+0xd0/0x13c
[    0.000000] memblock_reserve: [0x000000003bfc8000-0x000000003bfc8fff] memblock_alloc_range_nid+0xd0/0x13c
[    0.000000] memblock_reserve: [0x000000003bfc7000-0x000000003bfc7fff] memblock_alloc_range_nid+0xd0/0x13c
[    0.000000] memblock_reserve: [0x000000003bfc6000-0x000000003bfc6fff] memblock_alloc_range_nid+0xd0/0x13c
[    0.000000] memblock_reserve: [0x000000003bfc5000-0x000000003bfc5fff] memblock_alloc_range_nid+0xd0/0x13c
[    0.000000] memblock_reserve: [0x000000003bfc4000-0x000000003bfc4fff] memblock_alloc_range_nid+0xd0/0x13c
[    0.000000] memblock_reserve: [0x000000003bfc3000-0x000000003bfc3fff] memblock_alloc_range_nid+0xd0/0x13c
[    0.000000] memblock_reserve: [0x000000003bfc2000-0x000000003bfc2fff] memblock_alloc_range_nid+0xd0/0x13c
[    0.000000] memblock_reserve: [0x000000003bfc1000-0x000000003bfc1fff] memblock_alloc_range_nid+0xd0/0x13c
[    0.000000] memblock_reserve: [0x000000003bfc0000-0x000000003bfc0fff] memblock_alloc_range_nid+0xd0/0x13c
[    0.000000] memblock_reserve: [0x000000003bfbf000-0x000000003bfbffff] memblock_alloc_range_nid+0xd0/0x13c
[    0.000000] memblock_reserve: [0x000000003bfbe000-0x000000003bfbefff] memblock_alloc_range_nid+0xd0/0x13c
[    0.000000] memblock_reserve: [0x000000003bfbd000-0x000000003bfbdfff] memblock_alloc_range_nid+0xd0/0x13c
[    0.000000] memblock_reserve: [0x000000003bfbc000-0x000000003bfbcfff] memblock_alloc_range_nid+0xd0/0x13c
[    0.000000] memblock_reserve: [0x000000003bfbb000-0x000000003bfbbfff] memblock_alloc_range_nid+0xd0/0x13c
[    0.000000] memblock_reserve: [0x000000003bfba000-0x000000003bfbafff] memblock_alloc_range_nid+0xd0/0x13c
[    0.000000] memblock_reserve: [0x000000003bfb9000-0x000000003bfb9fff] memblock_alloc_range_nid+0xd0/0x13c
[    0.000000] memblock_reserve: [0x000000003bfb8000-0x000000003bfb8fff] memblock_alloc_range_nid+0xd0/0x13c
[    0.000000] memblock_reserve: [0x000000003bfb7000-0x000000003bfb7fff] memblock_alloc_range_nid+0xd0/0x13c
[    0.000000] memblock_reserve: [0x000000003bfb6000-0x000000003bfb6fff] memblock_alloc_range_nid+0xd0/0x13c
[    0.000000] memblock_reserve: [0x000000003bfb5000-0x000000003bfb5fff] memblock_alloc_range_nid+0xd0/0x13c
[    0.000000] memblock_reserve: [0x000000003bfb4000-0x000000003bfb4fff] memblock_alloc_range_nid+0xd0/0x13c
[    0.000000] memblock_reserve: [0x000000003bfb3000-0x000000003bfb3fff] memblock_alloc_range_nid+0xd0/0x13c
[    0.000000] memblock_reserve: [0x000000003bfb2000-0x000000003bfb2fff] memblock_alloc_range_nid+0xd0/0x13c
[    0.000000] memblock_reserve: [0x000000003bfb1000-0x000000003bfb1fff] memblock_alloc_range_nid+0xd0/0x13c
[    0.000000] memblock_reserve: [0x000000003bfb0000-0x000000003bfb0fff] memblock_alloc_range_nid+0xd0/0x13c
[    0.000000] memblock_reserve: [0x000000003bfaf000-0x000000003bfaffff] memblock_alloc_range_nid+0xd0/0x13c
[    0.000000] memblock_reserve: [0x000000003bfae000-0x000000003bfaefff] memblock_alloc_range_nid+0xd0/0x13c
[    0.000000] memblock_reserve: [0x000000003bfad000-0x000000003bfadfff] memblock_alloc_range_nid+0xd0/0x13c
[    0.000000] memblock_reserve: [0x000000003bfac000-0x000000003bfacfff] memblock_alloc_range_nid+0xd0/0x13c
[    0.000000] memblock_reserve: [0x000000003bfab000-0x000000003bfabfff] memblock_alloc_range_nid+0xd0/0x13c
[    0.000000] memblock_reserve: [0x000000003bfaa000-0x000000003bfaafff] memblock_alloc_range_nid+0xd0/0x13c
[    0.000000] memblock_reserve: [0x000000003bfa9000-0x000000003bfa9fff] memblock_alloc_range_nid+0xd0/0x13c
[    0.000000] memblock_reserve: [0x000000003bfa8000-0x000000003bfa8fff] memblock_alloc_range_nid+0xd0/0x13c
[    0.000000] memblock_reserve: [0x000000003bfa7000-0x000000003bfa7fff] memblock_alloc_range_nid+0xd0/0x13c
[    0.000000] memblock_reserve: [0x000000003bfa6000-0x000000003bfa6fff] memblock_alloc_range_nid+0xd0/0x13c
[    0.000000] memblock_reserve: [0x000000003bfa5000-0x000000003bfa5fff] memblock_alloc_range_nid+0xd0/0x13c
[    0.000000] memblock_reserve: [0x000000003bfa4000-0x000000003bfa4fff] memblock_alloc_range_nid+0xd0/0x13c
[    0.000000] memblock_reserve: [0x000000003bfa3000-0x000000003bfa3fff] memblock_alloc_range_nid+0xd0/0x13c
[    0.000000] memblock_reserve: [0x000000003bfa2000-0x000000003bfa2fff] memblock_alloc_range_nid+0xd0/0x13c
[    0.000000] memblock_reserve: [0x000000003bfa1000-0x000000003bfa1fff] memblock_alloc_range_nid+0xd0/0x13c
[    0.000000] memblock_reserve: [0x000000003bfa0000-0x000000003bfa0fff] memblock_alloc_range_nid+0xd0/0x13c
[    0.000000] memblock_reserve: [0x000000003bf9f000-0x000000003bf9ffff] memblock_alloc_range_nid+0xd0/0x13c
[    0.000000] memblock_reserve: [0x000000003bf9e000-0x000000003bf9efff] memblock_alloc_range_nid+0xd0/0x13c
[    0.000000] memblock_reserve: [0x000000003bf9d000-0x000000003bf9dfff] memblock_alloc_range_nid+0xd0/0x13c
[    0.000000] memblock_reserve: [0x000000003bf9c000-0x000000003bf9cfff] memblock_alloc_range_nid+0xd0/0x13c
[    0.000000] memblock_reserve: [0x000000003bf9b000-0x000000003bf9bfff] memblock_alloc_range_nid+0xd0/0x13c
[    0.000000] memblock_reserve: [0x000000003bf9a000-0x000000003bf9afff] memblock_alloc_range_nid+0xd0/0x13c
[    0.000000] memblock_reserve: [0x000000003bf99000-0x000000003bf99fff] memblock_alloc_range_nid+0xd0/0x13c
[    0.000000] memblock_reserve: [0x000000003bf98000-0x000000003bf98fff] memblock_alloc_range_nid+0xd0/0x13c
[    0.000000] memblock_reserve: [0x000000003bf97000-0x000000003bf97fff] memblock_alloc_range_nid+0xd0/0x13c
[    0.000000] memblock_reserve: [0x000000003bf96000-0x000000003bf96fff] memblock_alloc_range_nid+0xd0/0x13c
[    0.000000] memblock_reserve: [0x000000003bf95000-0x000000003bf95fff] memblock_alloc_range_nid+0xd0/0x13c
[    0.000000] memblock_reserve: [0x000000003bf94000-0x000000003bf94fff] memblock_alloc_range_nid+0xd0/0x13c
[    0.000000] memblock_reserve: [0x000000003bf93000-0x000000003bf93fff] memblock_alloc_range_nid+0xd0/0x13c
[    0.000000] memblock_reserve: [0x000000003bf92000-0x000000003bf92fff] memblock_alloc_range_nid+0xd0/0x13c
[    0.000000] memblock_reserve: [0x000000003bf91000-0x000000003bf91fff] memblock_alloc_range_nid+0xd0/0x13c
[    0.000000] memblock_reserve: [0x000000003bf90000-0x000000003bf90fff] memblock_alloc_range_nid+0xd0/0x13c
[    0.000000] memblock_reserve: [0x000000003bf8f000-0x000000003bf8ffff] memblock_alloc_range_nid+0xd0/0x13c
[    0.000000] memblock_reserve: [0x000000003bf8e000-0x000000003bf8efff] memblock_alloc_range_nid+0xd0/0x13c
[    0.000000] memblock_reserve: [0x000000003bf8d000-0x000000003bf8dfff] memblock_alloc_range_nid+0xd0/0x13c
[    0.000000] memblock_reserve: [0x000000003bf8c000-0x000000003bf8cfff] memblock_alloc_range_nid+0xd0/0x13c
[    0.000000] memblock_reserve: [0x000000003bf8b000-0x000000003bf8bfff] memblock_alloc_range_nid+0xd0/0x13c
[    0.000000] memblock_reserve: [0x000000003bf8a000-0x000000003bf8afff] memblock_alloc_range_nid+0xd0/0x13c
[    0.000000] memblock_reserve: [0x000000003bf89000-0x000000003bf89fff] memblock_alloc_range_nid+0xd0/0x13c
[    0.000000] memblock_reserve: [0x000000003bf88000-0x000000003bf88fff] memblock_alloc_range_nid+0xd0/0x13c
[    0.000000] memblock_reserve: [0x000000003bf87000-0x000000003bf87fff] memblock_alloc_range_nid+0xd0/0x13c
[    0.000000] memblock_reserve: [0x000000003bf86000-0x000000003bf86fff] memblock_alloc_range_nid+0xd0/0x13c
[    0.000000] memblock_reserve: [0x000000003bf85000-0x000000003bf85fff] memblock_alloc_range_nid+0xd0/0x13c
[    0.000000] memblock_reserve: [0x000000003bf84000-0x000000003bf84fff] memblock_alloc_range_nid+0xd0/0x13c
[    0.000000] memblock_reserve: [0x000000003bf83000-0x000000003bf83fff] memblock_alloc_range_nid+0xd0/0x13c
[    0.000000] memblock_reserve: [0x000000003bf82000-0x000000003bf82fff] memblock_alloc_range_nid+0xd0/0x13c
[    0.000000] memblock_reserve: [0x000000003bf81000-0x000000003bf81fff] memblock_alloc_range_nid+0xd0/0x13c
[    0.000000] memblock_reserve: [0x000000003bf80000-0x000000003bf80fff] memblock_alloc_range_nid+0xd0/0x13c
[    0.000000] memblock_reserve: [0x000000003bf7f000-0x000000003bf7ffff] memblock_alloc_range_nid+0xd0/0x13c
[    0.000000] memblock_reserve: [0x000000003bf7e000-0x000000003bf7efff] memblock_alloc_range_nid+0xd0/0x13c
[    0.000000] memblock_reserve: [0x000000003bf7d000-0x000000003bf7dfff] memblock_alloc_range_nid+0xd0/0x13c
[    0.000000] memblock_reserve: [0x000000003bf7c000-0x000000003bf7cfff] memblock_alloc_range_nid+0xd0/0x13c
[    0.000000] memblock_reserve: [0x000000003bf7b000-0x000000003bf7bfff] memblock_alloc_range_nid+0xd0/0x13c
[    0.000000] memblock_reserve: [0x000000003bf7a000-0x000000003bf7afff] memblock_alloc_range_nid+0xd0/0x13c
[    0.000000] memblock_reserve: [0x000000003bf79000-0x000000003bf79fff] memblock_alloc_range_nid+0xd0/0x13c
[    0.000000] memblock_reserve: [0x000000003bf78000-0x000000003bf78fff] memblock_alloc_range_nid+0xd0/0x13c
[    0.000000] memblock_reserve: [0x000000003bf77000-0x000000003bf77fff] memblock_alloc_range_nid+0xd0/0x13c
[    0.000000] memblock_reserve: [0x000000003bf76000-0x000000003bf76fff] memblock_alloc_range_nid+0xd0/0x13c
[    0.000000] memblock_reserve: [0x000000003bf75000-0x000000003bf75fff] memblock_alloc_range_nid+0xd0/0x13c
[    0.000000] memblock_reserve: [0x000000003bf74000-0x000000003bf74fff] memblock_alloc_range_nid+0xd0/0x13c
[    0.000000] memblock_reserve: [0x000000003bf73000-0x000000003bf73fff] memblock_alloc_range_nid+0xd0/0x13c
[    0.000000] memblock_reserve: [0x000000003bf72000-0x000000003bf72fff] memblock_alloc_range_nid+0xd0/0x13c
[    0.000000] memblock_reserve: [0x000000003bf71000-0x000000003bf71fff] memblock_alloc_range_nid+0xd0/0x13c
[    0.000000] memblock_reserve: [0x000000003bf70000-0x000000003bf70fff] memblock_alloc_range_nid+0xd0/0x13c
[    0.000000] memblock_reserve: [0x000000003bf6f000-0x000000003bf6ffff] memblock_alloc_range_nid+0xd0/0x13c
[    0.000000] memblock_reserve: [0x000000003bf6e000-0x000000003bf6efff] memblock_alloc_range_nid+0xd0/0x13c
[    0.000000] memblock_reserve: [0x000000003bf6d000-0x000000003bf6dfff] memblock_alloc_range_nid+0xd0/0x13c
[    0.000000] memblock_reserve: [0x000000003bf6c000-0x000000003bf6cfff] memblock_alloc_range_nid+0xd0/0x13c
[    0.000000] memblock_reserve: [0x000000003bf6b000-0x000000003bf6bfff] memblock_alloc_range_nid+0xd0/0x13c
[    0.000000] memblock_reserve: [0x000000003bf6a000-0x000000003bf6afff] memblock_alloc_range_nid+0xd0/0x13c
[    0.000000] memblock_reserve: [0x000000003bf69000-0x000000003bf69fff] memblock_alloc_range_nid+0xd0/0x13c
[    0.000000] memblock_reserve: [0x000000003bf68000-0x000000003bf68fff] memblock_alloc_range_nid+0xd0/0x13c
[    0.000000] memblock_reserve: [0x000000003bf67000-0x000000003bf67fff] memblock_alloc_range_nid+0xd0/0x13c
[    0.000000] memblock_reserve: [0x000000003bf66000-0x000000003bf66fff] memblock_alloc_range_nid+0xd0/0x13c
[    0.000000] memblock_reserve: [0x000000003bf65000-0x000000003bf65fff] memblock_alloc_range_nid+0xd0/0x13c
[    0.000000] memblock_reserve: [0x000000003bf64000-0x000000003bf64fff] memblock_alloc_range_nid+0xd0/0x13c
[    0.000000] memblock_reserve: [0x000000003bf63000-0x000000003bf63fff] memblock_alloc_range_nid+0xd0/0x13c
[    0.000000] memblock_reserve: [0x000000003bf62000-0x000000003bf62fff] memblock_alloc_range_nid+0xd0/0x13c
[    0.000000] memblock_reserve: [0x000000003bf61000-0x000000003bf61fff] memblock_alloc_range_nid+0xd0/0x13c
[    0.000000] memblock_reserve: [0x000000003bf60000-0x000000003bf60fff] memblock_alloc_range_nid+0xd0/0x13c
[    0.000000] memblock_reserve: [0x000000003bf5f000-0x000000003bf5ffff] memblock_alloc_range_nid+0xd0/0x13c
[    0.000000] memblock_reserve: [0x000000003bf5e000-0x000000003bf5efff] memblock_alloc_range_nid+0xd0/0x13c
[    0.000000] memblock_reserve: [0x000000003bf5d000-0x000000003bf5dfff] memblock_alloc_range_nid+0xd0/0x13c
[    0.000000] memblock_reserve: [0x000000003bf5c000-0x000000003bf5cfff] memblock_alloc_range_nid+0xd0/0x13c
[    0.000000] memblock_reserve: [0x000000003bf5b000-0x000000003bf5bfff] memblock_alloc_range_nid+0xd0/0x13c
[    0.000000] memblock_reserve: [0x000000003bf5a000-0x000000003bf5afff] memblock_alloc_range_nid+0xd0/0x13c
[    0.000000] memblock_reserve: [0x000000003bf59000-0x000000003bf59fff] memblock_alloc_range_nid+0xd0/0x13c
[    0.000000] memblock_reserve: [0x000000003bf58000-0x000000003bf58fff] memblock_alloc_range_nid+0xd0/0x13c
[    0.000000] memblock_reserve: [0x000000003bf57000-0x000000003bf57fff] memblock_alloc_range_nid+0xd0/0x13c
[    0.000000] memblock_reserve: [0x000000003bf56000-0x000000003bf56fff] memblock_alloc_range_nid+0xd0/0x13c
[    0.000000] memblock_reserve: [0x000000003bf55000-0x000000003bf55fff] memblock_alloc_range_nid+0xd0/0x13c
[    0.000000] memblock_reserve: [0x000000003bf54000-0x000000003bf54fff] memblock_alloc_range_nid+0xd0/0x13c
[    0.000000] memblock_reserve: [0x000000003bf53000-0x000000003bf53fff] memblock_alloc_range_nid+0xd0/0x13c
[    0.000000] memblock_reserve: [0x000000003bf52000-0x000000003bf52fff] memblock_alloc_range_nid+0xd0/0x13c
[    0.000000] memblock_reserve: [0x000000003bf51000-0x000000003bf51fff] memblock_alloc_range_nid+0xd0/0x13c
[    0.000000] memblock_reserve: [0x000000003bf50000-0x000000003bf50fff] memblock_alloc_range_nid+0xd0/0x13c
[    0.000000] memblock_reserve: [0x000000003bf4f000-0x000000003bf4ffff] memblock_alloc_range_nid+0xd0/0x13c
[    0.000000] memblock_reserve: [0x000000003bf4e000-0x000000003bf4efff] memblock_alloc_range_nid+0xd0/0x13c
[    0.000000] memblock_reserve: [0x000000003bf4d000-0x000000003bf4dfff] memblock_alloc_range_nid+0xd0/0x13c
[    0.000000] memblock_reserve: [0x000000003bf4c000-0x000000003bf4cfff] memblock_alloc_range_nid+0xd0/0x13c
[    0.000000] memblock_reserve: [0x000000003bf4b000-0x000000003bf4bfff] memblock_alloc_range_nid+0xd0/0x13c
[    0.000000] memblock_reserve: [0x000000003bf4a000-0x000000003bf4afff] memblock_alloc_range_nid+0xd0/0x13c
[    0.000000] memblock_reserve: [0x000000003bf49000-0x000000003bf49fff] memblock_alloc_range_nid+0xd0/0x13c
[    0.000000] memblock_reserve: [0x000000003bf48000-0x000000003bf48fff] memblock_alloc_range_nid+0xd0/0x13c
[    0.000000] memblock_reserve: [0x000000003bf47000-0x000000003bf47fff] memblock_alloc_range_nid+0xd0/0x13c
[    0.000000] memblock_reserve: [0x000000003bf46000-0x000000003bf46fff] memblock_alloc_range_nid+0xd0/0x13c
[    0.000000] memblock_reserve: [0x000000003bf45000-0x000000003bf45fff] memblock_alloc_range_nid+0xd0/0x13c
[    0.000000] memblock_reserve: [0x000000003bf44000-0x000000003bf44fff] memblock_alloc_range_nid+0xd0/0x13c
[    0.000000] memblock_reserve: [0x000000003bf43000-0x000000003bf43fff] memblock_alloc_range_nid+0xd0/0x13c
[    0.000000] memblock_reserve: [0x000000003bf42000-0x000000003bf42fff] memblock_alloc_range_nid+0xd0/0x13c
[    0.000000] memblock_reserve: [0x000000003bf41000-0x000000003bf41fff] memblock_alloc_range_nid+0xd0/0x13c
[    0.000000] memblock_reserve: [0x000000003bf40000-0x000000003bf40fff] memblock_alloc_range_nid+0xd0/0x13c
[    0.000000] memblock_reserve: [0x000000003bf3f000-0x000000003bf3ffff] memblock_alloc_range_nid+0xd0/0x13c
[    0.000000] memblock_reserve: [0x000000003bf3e000-0x000000003bf3efff] memblock_alloc_range_nid+0xd0/0x13c
[    0.000000] memblock_reserve: [0x000000003bf3d000-0x000000003bf3dfff] memblock_alloc_range_nid+0xd0/0x13c
[    0.000000] memblock_reserve: [0x000000003bf3c000-0x000000003bf3cfff] memblock_alloc_range_nid+0xd0/0x13c
[    0.000000] memblock_reserve: [0x000000003bf3b000-0x000000003bf3bfff] memblock_alloc_range_nid+0xd0/0x13c
[    0.000000] memblock_reserve: [0x000000003bf3a000-0x000000003bf3afff] memblock_alloc_range_nid+0xd0/0x13c
[    0.000000] memblock_reserve: [0x000000003bf39000-0x000000003bf39fff] memblock_alloc_range_nid+0xd0/0x13c
[    0.000000] memblock_reserve: [0x000000003bf38000-0x000000003bf38fff] memblock_alloc_range_nid+0xd0/0x13c
[    0.000000] memblock_reserve: [0x000000003bf37000-0x000000003bf37fff] memblock_alloc_range_nid+0xd0/0x13c
[    0.000000] memblock_reserve: [0x000000003bf36000-0x000000003bf36fff] memblock_alloc_range_nid+0xd0/0x13c
[    0.000000] memblock_reserve: [0x000000003bf35000-0x000000003bf35fff] memblock_alloc_range_nid+0xd0/0x13c
[    0.000000] memblock_reserve: [0x000000003bf34000-0x000000003bf34fff] memblock_alloc_range_nid+0xd0/0x13c
[    0.000000] memblock_reserve: [0x000000003bf33000-0x000000003bf33fff] memblock_alloc_range_nid+0xd0/0x13c
[    0.000000] memblock_reserve: [0x000000003bf32000-0x000000003bf32fff] memblock_alloc_range_nid+0xd0/0x13c
[    0.000000] memblock_reserve: [0x000000003bf31000-0x000000003bf31fff] memblock_alloc_range_nid+0xd0/0x13c
[    0.000000] memblock_reserve: [0x000000003bf30000-0x000000003bf30fff] memblock_alloc_range_nid+0xd0/0x13c
[    0.000000] memblock_reserve: [0x000000003bf2f000-0x000000003bf2ffff] memblock_alloc_range_nid+0xd0/0x13c
[    0.000000] memblock_reserve: [0x000000003bf2e000-0x000000003bf2efff] memblock_alloc_range_nid+0xd0/0x13c
[    0.000000] memblock_reserve: [0x000000003bf2d000-0x000000003bf2dfff] memblock_alloc_range_nid+0xd0/0x13c
[    0.000000] memblock_reserve: [0x000000003bf2c000-0x000000003bf2cfff] memblock_alloc_range_nid+0xd0/0x13c
[    0.000000] memblock_reserve: [0x000000003bf2b000-0x000000003bf2bfff] memblock_alloc_range_nid+0xd0/0x13c
[    0.000000] memblock_reserve: [0x000000003bf2a000-0x000000003bf2afff] memblock_alloc_range_nid+0xd0/0x13c
[    0.000000] memblock_reserve: [0x000000003bf29000-0x000000003bf29fff] memblock_alloc_range_nid+0xd0/0x13c
[    0.000000] memblock_reserve: [0x000000003bf28000-0x000000003bf28fff] memblock_alloc_range_nid+0xd0/0x13c
[    0.000000] memblock_reserve: [0x000000003bf27000-0x000000003bf27fff] memblock_alloc_range_nid+0xd0/0x13c
[    0.000000] memblock_reserve: [0x000000003bf26000-0x000000003bf26fff] memblock_alloc_range_nid+0xd0/0x13c
[    0.000000] memblock_reserve: [0x000000003bf25000-0x000000003bf25fff] memblock_alloc_range_nid+0xd0/0x13c
[    0.000000] memblock_reserve: [0x000000003bf24000-0x000000003bf24fff] memblock_alloc_range_nid+0xd0/0x13c
[    0.000000] memblock_reserve: [0x000000003bf23000-0x000000003bf23fff] memblock_alloc_range_nid+0xd0/0x13c
[    0.000000] memblock_reserve: [0x000000003bf22000-0x000000003bf22fff] memblock_alloc_range_nid+0xd0/0x13c
[    0.000000] memblock_reserve: [0x000000003bf21000-0x000000003bf21fff] memblock_alloc_range_nid+0xd0/0x13c
[    0.000000] memblock_reserve: [0x000000003bf20000-0x000000003bf20fff] memblock_alloc_range_nid+0xd0/0x13c
[    0.000000] memblock_reserve: [0x000000003bf1f000-0x000000003bf1ffff] memblock_alloc_range_nid+0xd0/0x13c
[    0.000000] memblock_reserve: [0x000000003bf1e000-0x000000003bf1efff] memblock_alloc_range_nid+0xd0/0x13c
[    0.000000] memblock_reserve: [0x000000003bf1d000-0x000000003bf1dfff] memblock_alloc_range_nid+0xd0/0x13c
[    0.000000] memblock_reserve: [0x000000003bf1c000-0x000000003bf1cfff] memblock_alloc_range_nid+0xd0/0x13c
[    0.000000] memblock_reserve: [0x000000003bf1b000-0x000000003bf1bfff] memblock_alloc_range_nid+0xd0/0x13c
[    0.000000] memblock_reserve: [0x000000003bf1a000-0x000000003bf1afff] memblock_alloc_range_nid+0xd0/0x13c
[    0.000000] memblock_reserve: [0x000000003bf19000-0x000000003bf19fff] memblock_alloc_range_nid+0xd0/0x13c
[    0.000000] memblock_reserve: [0x000000003bf18000-0x000000003bf18fff] memblock_alloc_range_nid+0xd0/0x13c
[    0.000000] memblock_reserve: [0x000000003bf17000-0x000000003bf17fff] memblock_alloc_range_nid+0xd0/0x13c
[    0.000000] memblock_reserve: [0x000000003bf16000-0x000000003bf16fff] memblock_alloc_range_nid+0xd0/0x13c
[    0.000000] memblock_reserve: [0x000000003bf15000-0x000000003bf15fff] memblock_alloc_range_nid+0xd0/0x13c
[    0.000000] memblock_reserve: [0x000000003bf14000-0x000000003bf14fff] memblock_alloc_range_nid+0xd0/0x13c
[    0.000000] memblock_reserve: [0x000000003bf13000-0x000000003bf13fff] memblock_alloc_range_nid+0xd0/0x13c
[    0.000000] memblock_reserve: [0x000000003bf12000-0x000000003bf12fff] memblock_alloc_range_nid+0xd0/0x13c
[    0.000000] memblock_reserve: [0x000000003bf11000-0x000000003bf11fff] memblock_alloc_range_nid+0xd0/0x13c
[    0.000000] memblock_reserve: [0x000000003bf10000-0x000000003bf10fff] memblock_alloc_range_nid+0xd0/0x13c
[    0.000000] memblock_reserve: [0x000000003bf0f000-0x000000003bf0ffff] memblock_alloc_range_nid+0xd0/0x13c
[    0.000000] memblock_reserve: [0x000000003bf0e000-0x000000003bf0efff] memblock_alloc_range_nid+0xd0/0x13c
[    0.000000] memblock_reserve: [0x000000003bf0d000-0x000000003bf0dfff] memblock_alloc_range_nid+0xd0/0x13c
[    0.000000] memblock_reserve: [0x000000003bf0c000-0x000000003bf0cfff] memblock_alloc_range_nid+0xd0/0x13c
[    0.000000] memblock_reserve: [0x000000003bf0b000-0x000000003bf0bfff] memblock_alloc_range_nid+0xd0/0x13c
[    0.000000] memblock_reserve: [0x000000003bf0a000-0x000000003bf0afff] memblock_alloc_range_nid+0xd0/0x13c
[    0.000000] memblock_reserve: [0x000000003bf09000-0x000000003bf09fff] memblock_alloc_range_nid+0xd0/0x13c
[    0.000000] memblock_reserve: [0x000000003bf08000-0x000000003bf08fff] memblock_alloc_range_nid+0xd0/0x13c
[    0.000000] memblock_reserve: [0x000000003bf07000-0x000000003bf07fff] memblock_alloc_range_nid+0xd0/0x13c
[    0.000000] memblock_reserve: [0x000000003bf06000-0x000000003bf06fff] memblock_alloc_range_nid+0xd0/0x13c
[    0.000000] memblock_reserve: [0x000000003bf05000-0x000000003bf05fff] memblock_alloc_range_nid+0xd0/0x13c
[    0.000000] memblock_reserve: [0x000000003bf04000-0x000000003bf04fff] memblock_alloc_range_nid+0xd0/0x13c
[    0.000000] memblock_reserve: [0x000000003bf03000-0x000000003bf03fff] memblock_alloc_range_nid+0xd0/0x13c
[    0.000000] memblock_reserve: [0x000000003bf02000-0x000000003bf02fff] memblock_alloc_range_nid+0xd0/0x13c
[    0.000000] memblock_reserve: [0x000000003bf01000-0x000000003bf01fff] memblock_alloc_range_nid+0xd0/0x13c
[    0.000000] memblock_reserve: [0x000000003bf00000-0x000000003bf00fff] memblock_alloc_range_nid+0xd0/0x13c
[    0.000000] memblock_reserve: [0x000000003beff000-0x000000003befffff] memblock_alloc_range_nid+0xd0/0x13c
[    0.000000] memblock_reserve: [0x000000003befe000-0x000000003befefff] memblock_alloc_range_nid+0xd0/0x13c
[    0.000000] memblock_reserve: [0x000000003befd000-0x000000003befdfff] memblock_alloc_range_nid+0xd0/0x13c
[    0.000000] memblock_reserve: [0x000000003befc000-0x000000003befcfff] memblock_alloc_range_nid+0xd0/0x13c
[    0.000000] memblock_reserve: [0x000000003befb000-0x000000003befbfff] memblock_alloc_range_nid+0xd0/0x13c
[    0.000000] memblock_reserve: [0x000000003befa000-0x000000003befafff] memblock_alloc_range_nid+0xd0/0x13c
[    0.000000] memblock_reserve: [0x000000003bef9000-0x000000003bef9fff] memblock_alloc_range_nid+0xd0/0x13c
[    0.000000] memblock_reserve: [0x000000003bef8000-0x000000003bef8fff] memblock_alloc_range_nid+0xd0/0x13c
[    0.000000] memblock_reserve: [0x000000003bef7000-0x000000003bef7fff] memblock_alloc_range_nid+0xd0/0x13c
[    0.000000] memblock_reserve: [0x000000003bef6000-0x000000003bef6fff] memblock_alloc_range_nid+0xd0/0x13c
[    0.000000] memblock_reserve: [0x000000003bef5000-0x000000003bef5fff] memblock_alloc_range_nid+0xd0/0x13c
[    0.000000] memblock_reserve: [0x000000003bef4000-0x000000003bef4fff] memblock_alloc_range_nid+0xd0/0x13c
[    0.000000] memblock_reserve: [0x000000003bef3000-0x000000003bef3fff] memblock_alloc_range_nid+0xd0/0x13c
[    0.000000] memblock_reserve: [0x000000003bef2000-0x000000003bef2fff] memblock_alloc_range_nid+0xd0/0x13c
[    0.000000] memblock_reserve: [0x000000003bef1000-0x000000003bef1fff] memblock_alloc_range_nid+0xd0/0x13c
[    0.000000] memblock_reserve: [0x000000003bef0000-0x000000003bef0fff] memblock_alloc_range_nid+0xd0/0x13c
[    0.000000] memblock_reserve: [0x000000003beef000-0x000000003beeffff] memblock_alloc_range_nid+0xd0/0x13c
[    0.000000] memblock_reserve: [0x000000003beee000-0x000000003beeefff] memblock_alloc_range_nid+0xd0/0x13c
[    0.000000] memblock_reserve: [0x000000003beed000-0x000000003beedfff] memblock_alloc_range_nid+0xd0/0x13c
[    0.000000] memblock_reserve: [0x000000003beec000-0x000000003beecfff] memblock_alloc_range_nid+0xd0/0x13c
[    0.000000] memblock_reserve: [0x000000003beeb000-0x000000003beebfff] memblock_alloc_range_nid+0xd0/0x13c
[    0.000000] memblock_reserve: [0x000000003beea000-0x000000003beeafff] memblock_alloc_range_nid+0xd0/0x13c
[    0.000000] memblock_reserve: [0x000000003bee9000-0x000000003bee9fff] memblock_alloc_range_nid+0xd0/0x13c
[    0.000000] memblock_reserve: [0x000000003bee8000-0x000000003bee8fff] memblock_alloc_range_nid+0xd0/0x13c
[    0.000000] memblock_reserve: [0x000000003bee7000-0x000000003bee7fff] memblock_alloc_range_nid+0xd0/0x13c
[    0.000000] memblock_reserve: [0x000000003bee6000-0x000000003bee6fff] memblock_alloc_range_nid+0xd0/0x13c
[    0.000000] memblock_reserve: [0x000000003bee5000-0x000000003bee5fff] memblock_alloc_range_nid+0xd0/0x13c
[    0.000000] memblock_reserve: [0x000000003bee4000-0x000000003bee4fff] memblock_alloc_range_nid+0xd0/0x13c
[    0.000000] memblock_reserve: [0x000000003bee3000-0x000000003bee3fff] memblock_alloc_range_nid+0xd0/0x13c
[    0.000000] memblock_reserve: [0x000000003bee2000-0x000000003bee2fff] memblock_alloc_range_nid+0xd0/0x13c
[    0.000000] memblock_reserve: [0x000000003bee1000-0x000000003bee1fff] memblock_alloc_range_nid+0xd0/0x13c
[    0.000000] memblock_reserve: [0x000000003bee0000-0x000000003bee0fff] memblock_alloc_range_nid+0xd0/0x13c
[    0.000000] memblock_reserve: [0x000000003bedf000-0x000000003bedffff] memblock_alloc_range_nid+0xd0/0x13c
[    0.000000] memblock_reserve: [0x000000003bede000-0x000000003bedefff] memblock_alloc_range_nid+0xd0/0x13c
[    0.000000] memblock_reserve: [0x000000003bedd000-0x000000003beddfff] memblock_alloc_range_nid+0xd0/0x13c
[    0.000000] memblock_reserve: [0x000000003bedc000-0x000000003bedcfff] memblock_alloc_range_nid+0xd0/0x13c
[    0.000000] memblock_reserve: [0x000000003bedb000-0x000000003bedbfff] memblock_alloc_range_nid+0xd0/0x13c
[    0.000000] memblock_reserve: [0x000000003beda000-0x000000003bedafff] memblock_alloc_range_nid+0xd0/0x13c
[    0.000000] memblock_reserve: [0x000000003bed9000-0x000000003bed9fff] memblock_alloc_range_nid+0xd0/0x13c
[    0.000000] memblock_reserve: [0x000000003bed8000-0x000000003bed8fff] memblock_alloc_range_nid+0xd0/0x13c
[    0.000000] memblock_reserve: [0x000000003bed7000-0x000000003bed7fff] memblock_alloc_range_nid+0xd0/0x13c
[    0.000000] memblock_reserve: [0x000000003bed6000-0x000000003bed6fff] memblock_alloc_range_nid+0xd0/0x13c
[    0.000000] memblock_reserve: [0x000000003bed5000-0x000000003bed5fff] memblock_alloc_range_nid+0xd0/0x13c
[    0.000000] memblock_reserve: [0x000000003bed4000-0x000000003bed4fff] memblock_alloc_range_nid+0xd0/0x13c
[    0.000000] memblock_reserve: [0x000000003bed3000-0x000000003bed3fff] memblock_alloc_range_nid+0xd0/0x13c
[    0.000000] memblock_reserve: [0x000000003bed2000-0x000000003bed2fff] memblock_alloc_range_nid+0xd0/0x13c
[    0.000000] memblock_reserve: [0x000000003bed1000-0x000000003bed1fff] memblock_alloc_range_nid+0xd0/0x13c
[    0.000000] memblock_reserve: [0x000000003bed0000-0x000000003bed0fff] memblock_alloc_range_nid+0xd0/0x13c
[    0.000000] memblock_reserve: [0x000000003becf000-0x000000003becffff] memblock_alloc_range_nid+0xd0/0x13c
[    0.000000] memblock_reserve: [0x000000003bece000-0x000000003becefff] memblock_alloc_range_nid+0xd0/0x13c
[    0.000000] memblock_reserve: [0x000000003becd000-0x000000003becdfff] memblock_alloc_range_nid+0xd0/0x13c
[    0.000000] memblock_reserve: [0x000000003becc000-0x000000003beccfff] memblock_alloc_range_nid+0xd0/0x13c
[    0.000000] memblock_reserve: [0x000000003becb000-0x000000003becbfff] memblock_alloc_range_nid+0xd0/0x13c
[    0.000000] memblock_reserve: [0x000000003beca000-0x000000003becafff] memblock_alloc_range_nid+0xd0/0x13c
[    0.000000] memblock_reserve: [0x000000003bec9000-0x000000003bec9fff] memblock_alloc_range_nid+0xd0/0x13c
[    0.000000] memblock_reserve: [0x000000003bec8000-0x000000003bec8fff] memblock_alloc_range_nid+0xd0/0x13c
[    0.000000] memblock_reserve: [0x000000003bec7000-0x000000003bec7fff] memblock_alloc_range_nid+0xd0/0x13c
[    0.000000] memblock_reserve: [0x000000003bec6000-0x000000003bec6fff] memblock_alloc_range_nid+0xd0/0x13c
[    0.000000] memblock_reserve: [0x000000003bec5000-0x000000003bec5fff] memblock_alloc_range_nid+0xd0/0x13c
[    0.000000] memblock_reserve: [0x000000003bec4000-0x000000003bec4fff] memblock_alloc_range_nid+0xd0/0x13c
[    0.000000] memblock_reserve: [0x000000003bec3000-0x000000003bec3fff] memblock_alloc_range_nid+0xd0/0x13c
[    0.000000] memblock_reserve: [0x000000003bec2000-0x000000003bec2fff] memblock_alloc_range_nid+0xd0/0x13c
[    0.000000] memblock_reserve: [0x000000003bec1000-0x000000003bec1fff] memblock_alloc_range_nid+0xd0/0x13c
[    0.000000] memblock_reserve: [0x000000003bec0000-0x000000003bec0fff] memblock_alloc_range_nid+0xd0/0x13c
[    0.000000] memblock_reserve: [0x000000003bebf000-0x000000003bebffff] memblock_alloc_range_nid+0xd0/0x13c
[    0.000000] memblock_reserve: [0x000000003bebe000-0x000000003bebefff] memblock_alloc_range_nid+0xd0/0x13c
[    0.000000] memblock_reserve: [0x000000003bebd000-0x000000003bebdfff] memblock_alloc_range_nid+0xd0/0x13c
[    0.000000] memblock_reserve: [0x000000003bebc000-0x000000003bebcfff] memblock_alloc_range_nid+0xd0/0x13c
[    0.000000] memblock_reserve: [0x000000003bebb000-0x000000003bebbfff] memblock_alloc_range_nid+0xd0/0x13c
[    0.000000] memblock_reserve: [0x000000003beba000-0x000000003bebafff] memblock_alloc_range_nid+0xd0/0x13c
[    0.000000] memblock_reserve: [0x000000003beb9000-0x000000003beb9fff] memblock_alloc_range_nid+0xd0/0x13c
[    0.000000] memblock_reserve: [0x000000003beb8000-0x000000003beb8fff] memblock_alloc_range_nid+0xd0/0x13c
[    0.000000] memblock_reserve: [0x000000003beb7000-0x000000003beb7fff] memblock_alloc_range_nid+0xd0/0x13c
[    0.000000] memblock_reserve: [0x000000003beb6000-0x000000003beb6fff] memblock_alloc_range_nid+0xd0/0x13c
[    0.000000] memblock_reserve: [0x000000003beb5000-0x000000003beb5fff] memblock_alloc_range_nid+0xd0/0x13c
[    0.000000] memblock_reserve: [0x000000003beb4000-0x000000003beb4fff] memblock_alloc_range_nid+0xd0/0x13c
[    0.000000] memblock_reserve: [0x000000003beb3000-0x000000003beb3fff] memblock_alloc_range_nid+0xd0/0x13c
[    0.000000] memblock_reserve: [0x000000003beb2000-0x000000003beb2fff] memblock_alloc_range_nid+0xd0/0x13c
[    0.000000] memblock_reserve: [0x000000003beb1000-0x000000003beb1fff] memblock_alloc_range_nid+0xd0/0x13c
[    0.000000] memblock_reserve: [0x000000003beb0000-0x000000003beb0fff] memblock_alloc_range_nid+0xd0/0x13c
[    0.000000] memblock_reserve: [0x000000003beaf000-0x000000003beaffff] memblock_alloc_range_nid+0xd0/0x13c
[    0.000000] memblock_reserve: [0x000000003beae000-0x000000003beaefff] memblock_alloc_range_nid+0xd0/0x13c
[    0.000000] memblock_reserve: [0x000000003bead000-0x000000003beadfff] memblock_alloc_range_nid+0xd0/0x13c
[    0.000000] memblock_reserve: [0x000000003beac000-0x000000003beacfff] memblock_alloc_range_nid+0xd0/0x13c
[    0.000000] memblock_reserve: [0x000000003beab000-0x000000003beabfff] memblock_alloc_range_nid+0xd0/0x13c
[    0.000000] memblock_reserve: [0x000000003beaa000-0x000000003beaafff] memblock_alloc_range_nid+0xd0/0x13c
[    0.000000] memblock_reserve: [0x000000003bea9000-0x000000003bea9fff] memblock_alloc_range_nid+0xd0/0x13c
[    0.000000] memblock_reserve: [0x000000003bea8000-0x000000003bea8fff] memblock_alloc_range_nid+0xd0/0x13c
[    0.000000] memblock_reserve: [0x000000003bea7000-0x000000003bea7fff] memblock_alloc_range_nid+0xd0/0x13c
[    0.000000] memblock_reserve: [0x000000003bea6000-0x000000003bea6fff] memblock_alloc_range_nid+0xd0/0x13c
[    0.000000] memblock_reserve: [0x000000003bea5000-0x000000003bea5fff] memblock_alloc_range_nid+0xd0/0x13c
[    0.000000] memblock_reserve: [0x000000003bea4000-0x000000003bea4fff] memblock_alloc_range_nid+0xd0/0x13c
[    0.000000] memblock_reserve: [0x000000003bea3000-0x000000003bea3fff] memblock_alloc_range_nid+0xd0/0x13c
[    0.000000] memblock_reserve: [0x000000003bea2000-0x000000003bea2fff] memblock_alloc_range_nid+0xd0/0x13c
[    0.000000] memblock_reserve: [0x000000003bea1000-0x000000003bea1fff] memblock_alloc_range_nid+0xd0/0x13c
[    0.000000] memblock_reserve: [0x000000003bea0000-0x000000003bea0fff] memblock_alloc_range_nid+0xd0/0x13c
[    0.000000] memblock_reserve: [0x000000003be9f000-0x000000003be9ffff] memblock_alloc_range_nid+0xd0/0x13c
[    0.000000] memblock_reserve: [0x000000003be9e000-0x000000003be9efff] memblock_alloc_range_nid+0xd0/0x13c
[    0.000000] memblock_reserve: [0x000000003be9d000-0x000000003be9dfff] memblock_alloc_range_nid+0xd0/0x13c
[    0.000000] memblock_reserve: [0x000000003be9c000-0x000000003be9cfff] memblock_alloc_range_nid+0xd0/0x13c
[    0.000000] memblock_reserve: [0x000000003be9b000-0x000000003be9bfff] memblock_alloc_range_nid+0xd0/0x13c
[    0.000000] memblock_reserve: [0x000000003be9a000-0x000000003be9afff] memblock_alloc_range_nid+0xd0/0x13c
[    0.000000] memblock_reserve: [0x000000003be99000-0x000000003be99fff] memblock_alloc_range_nid+0xd0/0x13c
[    0.000000] memblock_reserve: [0x000000003be98000-0x000000003be98fff] memblock_alloc_range_nid+0xd0/0x13c
[    0.000000] memblock_reserve: [0x000000003be97000-0x000000003be97fff] memblock_alloc_range_nid+0xd0/0x13c
[    0.000000] memblock_reserve: [0x000000003be96000-0x000000003be96fff] memblock_alloc_range_nid+0xd0/0x13c
[    0.000000] memblock_reserve: [0x000000003be95000-0x000000003be95fff] memblock_alloc_range_nid+0xd0/0x13c
[    0.000000] memblock_reserve: [0x000000003be94000-0x000000003be94fff] memblock_alloc_range_nid+0xd0/0x13c
[    0.000000] memblock_reserve: [0x000000003be93000-0x000000003be93fff] memblock_alloc_range_nid+0xd0/0x13c
[    0.000000] memblock_reserve: [0x000000003be92000-0x000000003be92fff] memblock_alloc_range_nid+0xd0/0x13c
[    0.000000] memblock_reserve: [0x000000003be91000-0x000000003be91fff] memblock_alloc_range_nid+0xd0/0x13c
[    0.000000] memblock_reserve: [0x000000003be90000-0x000000003be90fff] memblock_alloc_range_nid+0xd0/0x13c
[    0.000000] memblock_reserve: [0x000000003be8f000-0x000000003be8ffff] memblock_alloc_range_nid+0xd0/0x13c
[    0.000000] memblock_reserve: [0x000000003be8e000-0x000000003be8efff] memblock_alloc_range_nid+0xd0/0x13c
[    0.000000] memblock_reserve: [0x000000003be8d000-0x000000003be8dfff] memblock_alloc_range_nid+0xd0/0x13c
[    0.000000] memblock_reserve: [0x000000003be8c000-0x000000003be8cfff] memblock_alloc_range_nid+0xd0/0x13c
[    0.000000] memblock_reserve: [0x000000003be8b000-0x000000003be8bfff] memblock_alloc_range_nid+0xd0/0x13c
[    0.000000] memblock_reserve: [0x000000003be8a000-0x000000003be8afff] memblock_alloc_range_nid+0xd0/0x13c
[    0.000000] memblock_reserve: [0x000000003be89000-0x000000003be89fff] memblock_alloc_range_nid+0xd0/0x13c
[    0.000000] memblock_reserve: [0x000000003be88000-0x000000003be88fff] memblock_alloc_range_nid+0xd0/0x13c
[    0.000000] memblock_reserve: [0x000000003be87000-0x000000003be87fff] memblock_alloc_range_nid+0xd0/0x13c
[    0.000000] memblock_reserve: [0x000000003be86000-0x000000003be86fff] memblock_alloc_range_nid+0xd0/0x13c
[    0.000000] memblock_reserve: [0x000000003be85000-0x000000003be85fff] memblock_alloc_range_nid+0xd0/0x13c
[    0.000000] memblock_reserve: [0x000000003be84000-0x000000003be84fff] memblock_alloc_range_nid+0xd0/0x13c
[    0.000000] memblock_reserve: [0x000000003be83000-0x000000003be83fff] memblock_alloc_range_nid+0xd0/0x13c
[    0.000000] memblock_reserve: [0x000000003be82000-0x000000003be82fff] memblock_alloc_range_nid+0xd0/0x13c
[    0.000000] memblock_reserve: [0x000000003be81000-0x000000003be81fff] memblock_alloc_range_nid+0xd0/0x13c
[    0.000000] memblock_reserve: [0x000000003be80000-0x000000003be80fff] memblock_alloc_range_nid+0xd0/0x13c
[    0.000000] memblock_reserve: [0x000000003be7f000-0x000000003be7ffff] memblock_alloc_range_nid+0xd0/0x13c
[    0.000000] memblock_reserve: [0x000000003be7e000-0x000000003be7efff] memblock_alloc_range_nid+0xd0/0x13c
[    0.000000] memblock_reserve: [0x000000003be7d000-0x000000003be7dfff] memblock_alloc_range_nid+0xd0/0x13c
[    0.000000] memblock_reserve: [0x000000003be7c000-0x000000003be7cfff] memblock_alloc_range_nid+0xd0/0x13c
[    0.000000] memblock_reserve: [0x000000003be7b000-0x000000003be7bfff] memblock_alloc_range_nid+0xd0/0x13c
[    0.000000] memblock_reserve: [0x000000003be7a000-0x000000003be7afff] memblock_alloc_range_nid+0xd0/0x13c
[    0.000000] memblock_reserve: [0x000000003be79000-0x000000003be79fff] memblock_alloc_range_nid+0xd0/0x13c
[    0.000000] memblock_reserve: [0x000000003be78000-0x000000003be78fff] memblock_alloc_range_nid+0xd0/0x13c
[    0.000000] memblock_reserve: [0x000000003be77000-0x000000003be77fff] memblock_alloc_range_nid+0xd0/0x13c
[    0.000000] memblock_reserve: [0x000000003be76000-0x000000003be76fff] memblock_alloc_range_nid+0xd0/0x13c
[    0.000000] memblock_reserve: [0x000000003be75000-0x000000003be75fff] memblock_alloc_range_nid+0xd0/0x13c
[    0.000000] memblock_reserve: [0x000000003be74000-0x000000003be74fff] memblock_alloc_range_nid+0xd0/0x13c
[    0.000000] memblock_reserve: [0x000000003be73000-0x000000003be73fff] memblock_alloc_range_nid+0xd0/0x13c
[    0.000000] memblock_reserve: [0x000000003be72000-0x000000003be72fff] memblock_alloc_range_nid+0xd0/0x13c
[    0.000000] memblock_reserve: [0x000000003be71000-0x000000003be71fff] memblock_alloc_range_nid+0xd0/0x13c
[    0.000000] memblock_reserve: [0x000000003be70000-0x000000003be70fff] memblock_alloc_range_nid+0xd0/0x13c
[    0.000000] memblock_reserve: [0x000000003be6f000-0x000000003be6ffff] memblock_alloc_range_nid+0xd0/0x13c
[    0.000000] memblock_reserve: [0x000000003be6e000-0x000000003be6efff] memblock_alloc_range_nid+0xd0/0x13c
[    0.000000] memblock_reserve: [0x000000003be6d000-0x000000003be6dfff] memblock_alloc_range_nid+0xd0/0x13c
[    0.000000] memblock_reserve: [0x000000003be6c000-0x000000003be6cfff] memblock_alloc_range_nid+0xd0/0x13c
[    0.000000] memblock_reserve: [0x000000003be6b000-0x000000003be6bfff] memblock_alloc_range_nid+0xd0/0x13c
[    0.000000] memblock_reserve: [0x000000003be6a000-0x000000003be6afff] memblock_alloc_range_nid+0xd0/0x13c
[    0.000000] memblock_reserve: [0x000000003be69000-0x000000003be69fff] memblock_alloc_range_nid+0xd0/0x13c
[    0.000000] memblock_reserve: [0x000000003be68000-0x000000003be68fff] memblock_alloc_range_nid+0xd0/0x13c
[    0.000000] memblock_reserve: [0x000000003be67000-0x000000003be67fff] memblock_alloc_range_nid+0xd0/0x13c
[    0.000000] memblock_reserve: [0x000000003be66000-0x000000003be66fff] memblock_alloc_range_nid+0xd0/0x13c
[    0.000000] memblock_reserve: [0x000000003be65000-0x000000003be65fff] memblock_alloc_range_nid+0xd0/0x13c
[    0.000000] memblock_reserve: [0x000000003be64000-0x000000003be64fff] memblock_alloc_range_nid+0xd0/0x13c
[    0.000000] memblock_reserve: [0x000000003be63000-0x000000003be63fff] memblock_alloc_range_nid+0xd0/0x13c
[    0.000000] memblock_reserve: [0x000000003be62000-0x000000003be62fff] memblock_alloc_range_nid+0xd0/0x13c
[    0.000000] memblock_reserve: [0x000000003be61000-0x000000003be61fff] memblock_alloc_range_nid+0xd0/0x13c
[    0.000000] memblock_reserve: [0x000000003be60000-0x000000003be60fff] memblock_alloc_range_nid+0xd0/0x13c
[    0.000000] memblock_reserve: [0x000000003be5f000-0x000000003be5ffff] memblock_alloc_range_nid+0xd0/0x13c
[    0.000000] memblock_reserve: [0x000000003be5e000-0x000000003be5efff] memblock_alloc_range_nid+0xd0/0x13c
[    0.000000] memblock_reserve: [0x000000003be5d000-0x000000003be5dfff] memblock_alloc_range_nid+0xd0/0x13c
[    0.000000] memblock_reserve: [0x000000003be5c000-0x000000003be5cfff] memblock_alloc_range_nid+0xd0/0x13c
[    0.000000] memblock_reserve: [0x000000003be5b000-0x000000003be5bfff] memblock_alloc_range_nid+0xd0/0x13c
[    0.000000] memblock_reserve: [0x000000003be5a000-0x000000003be5afff] memblock_alloc_range_nid+0xd0/0x13c
[    0.000000] memblock_reserve: [0x000000003be59000-0x000000003be59fff] memblock_alloc_range_nid+0xd0/0x13c
[    0.000000] memblock_reserve: [0x000000003be58000-0x000000003be58fff] memblock_alloc_range_nid+0xd0/0x13c
[    0.000000] memblock_reserve: [0x000000003be57000-0x000000003be57fff] memblock_alloc_range_nid+0xd0/0x13c
[    0.000000] memblock_reserve: [0x000000003be56000-0x000000003be56fff] memblock_alloc_range_nid+0xd0/0x13c
[    0.000000] memblock_reserve: [0x000000003be55000-0x000000003be55fff] memblock_alloc_range_nid+0xd0/0x13c
[    0.000000] memblock_reserve: [0x000000003be54000-0x000000003be54fff] memblock_alloc_range_nid+0xd0/0x13c
[    0.000000] memblock_reserve: [0x000000003be53000-0x000000003be53fff] memblock_alloc_range_nid+0xd0/0x13c
[    0.000000] memblock_reserve: [0x000000003be52000-0x000000003be52fff] memblock_alloc_range_nid+0xd0/0x13c
[    0.000000] memblock_reserve: [0x000000003be51000-0x000000003be51fff] memblock_alloc_range_nid+0xd0/0x13c
[    0.000000] memblock_reserve: [0x000000003be50000-0x000000003be50fff] memblock_alloc_range_nid+0xd0/0x13c
[    0.000000] memblock_reserve: [0x000000003be4f000-0x000000003be4ffff] memblock_alloc_range_nid+0xd0/0x13c
[    0.000000] memblock_reserve: [0x000000003be4e000-0x000000003be4efff] memblock_alloc_range_nid+0xd0/0x13c
[    0.000000] memblock_reserve: [0x000000003be4d000-0x000000003be4dfff] memblock_alloc_range_nid+0xd0/0x13c
[    0.000000] memblock_reserve: [0x000000003be4c000-0x000000003be4cfff] memblock_alloc_range_nid+0xd0/0x13c
[    0.000000] memblock_reserve: [0x000000003be4b000-0x000000003be4bfff] memblock_alloc_range_nid+0xd0/0x13c
[    0.000000] memblock_reserve: [0x000000003be4a000-0x000000003be4afff] memblock_alloc_range_nid+0xd0/0x13c
[    0.000000] memblock_reserve: [0x000000003be49000-0x000000003be49fff] memblock_alloc_range_nid+0xd0/0x13c
[    0.000000] memblock_reserve: [0x000000003be48000-0x000000003be48fff] memblock_alloc_range_nid+0xd0/0x13c
[    0.000000] memblock_reserve: [0x000000003be47000-0x000000003be47fff] memblock_alloc_range_nid+0xd0/0x13c
[    0.000000] memblock_reserve: [0x000000003be46000-0x000000003be46fff] memblock_alloc_range_nid+0xd0/0x13c
[    0.000000] memblock_reserve: [0x000000003be45000-0x000000003be45fff] memblock_alloc_range_nid+0xd0/0x13c
[    0.000000] memblock_reserve: [0x000000003be44000-0x000000003be44fff] memblock_alloc_range_nid+0xd0/0x13c
[    0.000000] memblock_reserve: [0x000000003be43000-0x000000003be43fff] memblock_alloc_range_nid+0xd0/0x13c
[    0.000000] memblock_reserve: [0x000000003be42000-0x000000003be42fff] memblock_alloc_range_nid+0xd0/0x13c
[    0.000000] memblock_reserve: [0x000000003be41000-0x000000003be41fff] memblock_alloc_range_nid+0xd0/0x13c
[    0.000000] memblock_reserve: [0x000000003be40000-0x000000003be40fff] memblock_alloc_range_nid+0xd0/0x13c
[    0.000000] memblock_reserve: [0x000000003be3f000-0x000000003be3ffff] memblock_alloc_range_nid+0xd0/0x13c
[    0.000000] memblock_reserve: [0x000000003be3e000-0x000000003be3efff] memblock_alloc_range_nid+0xd0/0x13c
[    0.000000] memblock_reserve: [0x000000003be3d000-0x000000003be3dfff] memblock_alloc_range_nid+0xd0/0x13c
[    0.000000] memblock_reserve: [0x000000003be3c000-0x000000003be3cfff] memblock_alloc_range_nid+0xd0/0x13c
[    0.000000] memblock_reserve: [0x000000003be3b000-0x000000003be3bfff] memblock_alloc_range_nid+0xd0/0x13c
[    0.000000] memblock_reserve: [0x000000003be3a000-0x000000003be3afff] memblock_alloc_range_nid+0xd0/0x13c
[    0.000000] memblock_reserve: [0x000000003be39000-0x000000003be39fff] memblock_alloc_range_nid+0xd0/0x13c
[    0.000000] memblock_reserve: [0x000000003be38000-0x000000003be38fff] memblock_alloc_range_nid+0xd0/0x13c
[    0.000000] memblock_reserve: [0x000000003be37000-0x000000003be37fff] memblock_alloc_range_nid+0xd0/0x13c
[    0.000000] memblock_reserve: [0x000000003be36000-0x000000003be36fff] memblock_alloc_range_nid+0xd0/0x13c
[    0.000000] memblock_reserve: [0x000000003be35000-0x000000003be35fff] memblock_alloc_range_nid+0xd0/0x13c
[    0.000000] memblock_reserve: [0x000000003be34000-0x000000003be34fff] memblock_alloc_range_nid+0xd0/0x13c
[    0.000000] memblock_reserve: [0x000000003be33000-0x000000003be33fff] memblock_alloc_range_nid+0xd0/0x13c
[    0.000000] memblock_reserve: [0x000000003be32000-0x000000003be32fff] memblock_alloc_range_nid+0xd0/0x13c
[    0.000000] memblock_reserve: [0x000000003be31000-0x000000003be31fff] memblock_alloc_range_nid+0xd0/0x13c
[    0.000000] memblock_reserve: [0x000000003be30000-0x000000003be30fff] memblock_alloc_range_nid+0xd0/0x13c
[    0.000000] memblock_reserve: [0x000000003be2f000-0x000000003be2ffff] memblock_alloc_range_nid+0xd0/0x13c
[    0.000000] memblock_reserve: [0x000000003be2e000-0x000000003be2efff] memblock_alloc_range_nid+0xd0/0x13c
[    0.000000] memblock_reserve: [0x000000003be2d000-0x000000003be2dfff] memblock_alloc_range_nid+0xd0/0x13c
[    0.000000] memblock_reserve: [0x000000003be2c000-0x000000003be2cfff] memblock_alloc_range_nid+0xd0/0x13c
[    0.000000] memblock_reserve: [0x000000003be2b000-0x000000003be2bfff] memblock_alloc_range_nid+0xd0/0x13c
[    0.000000] memblock_reserve: [0x000000003be2a000-0x000000003be2afff] memblock_alloc_range_nid+0xd0/0x13c
[    0.000000] memblock_reserve: [0x000000003be29000-0x000000003be29fff] memblock_alloc_range_nid+0xd0/0x13c
[    0.000000] memblock_reserve: [0x000000003be28000-0x000000003be28fff] memblock_alloc_range_nid+0xd0/0x13c
[    0.000000] memblock_reserve: [0x000000003be27000-0x000000003be27fff] memblock_alloc_range_nid+0xd0/0x13c
[    0.000000] memblock_reserve: [0x000000003be26000-0x000000003be26fff] memblock_alloc_range_nid+0xd0/0x13c
[    0.000000] memblock_reserve: [0x000000003be25000-0x000000003be25fff] memblock_alloc_range_nid+0xd0/0x13c
[    0.000000] memblock_reserve: [0x000000003be24000-0x000000003be24fff] memblock_alloc_range_nid+0xd0/0x13c
[    0.000000] memblock_reserve: [0x000000003be23000-0x000000003be23fff] memblock_alloc_range_nid+0xd0/0x13c
[    0.000000] memblock_reserve: [0x000000003be22000-0x000000003be22fff] memblock_alloc_range_nid+0xd0/0x13c
[    0.000000] memblock_reserve: [0x000000003be21000-0x000000003be21fff] memblock_alloc_range_nid+0xd0/0x13c
[    0.000000] memblock_reserve: [0x000000003be20000-0x000000003be20fff] memblock_alloc_range_nid+0xd0/0x13c
[    0.000000] memblock_reserve: [0x000000003be1f000-0x000000003be1ffff] memblock_alloc_range_nid+0xd0/0x13c
[    0.000000] memblock_reserve: [0x000000003be1e000-0x000000003be1efff] memblock_alloc_range_nid+0xd0/0x13c
[    0.000000] memblock_reserve: [0x000000003be1d000-0x000000003be1dfff] memblock_alloc_range_nid+0xd0/0x13c
[    0.000000] memblock_reserve: [0x000000003be1c000-0x000000003be1cfff] memblock_alloc_range_nid+0xd0/0x13c
[    0.000000] memblock_reserve: [0x000000003be1b000-0x000000003be1bfff] memblock_alloc_range_nid+0xd0/0x13c
[    0.000000] memblock_isolate_range: jjj start_rgn = <1>, end_rgn = <278281820>
[    0.000000]    memblock_free: [0x0000000000aaf000-0x0000000000ab1fff] paging_init+0x794/0x7bc
[    0.000000] memblock_isolate_range: jjj start_rgn = <2>, end_rgn = <278281788>
[    0.000000] memblock_alloc_try_nid: 74200 bytes align=0x8 nid=-1 from=0x0000000000000000 max_addr=0x0000000000000000 early_init_dt_alloc_memory_arch+0x34/0x60
[    0.000000] memblock_reserve: [0x000000003be08e28-0x000000003be1afff] memblock_alloc_range_nid+0xd0/0x13c
[    0.000000] memblock_alloc_try_nid: 47 bytes align=0x8 nid=-1 from=0x0000000000000000 max_addr=0x0000000000000000 early_init_dt_alloc_memory_arch+0x34/0x60
[    0.000000] memblock_reserve: [0x000000003be08df8-0x000000003be08e26] memblock_alloc_range_nid+0xd0/0x13c
[    0.000000] memblock_alloc_try_nid: 47 bytes align=0x8 nid=-1 from=0x0000000000000000 max_addr=0x0000000000000000 early_init_dt_alloc_memory_arch+0x34/0x60
[    0.000000] memblock_reserve: [0x000000003be08dc8-0x000000003be08df6] memblock_alloc_range_nid+0xd0/0x13c
[    0.000000] memblock_alloc_try_nid: 49 bytes align=0x8 nid=-1 from=0x0000000000000000 max_addr=0x0000000000000000 early_init_dt_alloc_memory_arch+0x34/0x60
[    0.000000] memblock_reserve: [0x000000003be08d90-0x000000003be08dc0] memblock_alloc_range_nid+0xd0/0x13c
[    0.000000] memblock_alloc_try_nid: 8192 bytes align=0x40 nid=-1 from=0x0000000000000000 max_addr=0x0000000000000000 memory_present+0x50/0x108
[    0.000000] memblock_reserve: [0x000000003be06d80-0x000000003be08d7f] memblock_alloc_range_nid+0xd0/0x13c
[    0.000000] memblock_alloc_try_nid: 4096 bytes align=0x40 nid=0 from=0x0000000000000000 max_addr=0x0000000000000000 sparse_index_alloc+0x54/0x80
[    0.000000] memblock_reserve: [0x000000003be05d80-0x000000003be06d7f] memblock_alloc_range_nid+0xd0/0x13c
[    0.000000] memblock_alloc_try_nid: 192 bytes align=0x40 nid=0 from=0x0000000000000000 max_addr=0x0000000000000000 sparse_init_nid+0x58/0x31c
[    0.000000] memblock_reserve: [0x000000003be05cc0-0x000000003be05d7f] memblock_alloc_range_nid+0xd0/0x13c
[    0.000000] memblock_alloc_try_nid_raw: 14680064 bytes align=0x1000 nid=0 from=0x0000000000000000 max_addr=0x0000000000000000 sparse_init_nid+0xc8/0x31c
[    0.000000] memblock_reserve: [0x000000003b005000-0x000000003be04fff] memblock_alloc_range_nid+0xd0/0x13c
[    0.000000] memblock_alloc_try_nid_raw: 4096 bytes align=0x1000 nid=0 from=0x0000000000000000 max_addr=0x0000000000000000 __earlyonly_bootmem_alloc+0x40/0x50
[    0.000000] memblock_reserve: [0x000000003b004000-0x000000003b004fff] memblock_alloc_range_nid+0xd0/0x13c
[    0.000000] memblock_alloc_try_nid_raw: 2097152 bytes align=0x200000 nid=0 from=0x0000000000000000 max_addr=0x0000000000000000 __earlyonly_bootmem_alloc+0x40/0x50
[    0.000000] memblock_reserve: [0x000000003ae00000-0x000000003affffff] memblock_alloc_range_nid+0xd0/0x13c
[    0.000000]    memblock_free: [0x000000003be00000-0x000000003be04fff] sparse_init_nid+0x228/0x31c
[    0.000000] memblock_isolate_range: jjj start_rgn = <6>, end_rgn = <278281692>
[    0.000000] MEMBLOCK configuration:
[    0.000000]  memory size = 0x000000003c000000 reserved size = 0x0000000001d62223
[    0.000000]  memory.cnt  = 0x1
[    0.000000]  memory[0x0]	[0x0000000000000000-0x000000003bffffff], 0x000000003c000000 bytes flags: 0x0
[    0.000000]  reserved.cnt  = 0xb
[    0.000000]  reserved[0x0]	[0x0000000000000000-0x0000000000000fff], 0x0000000000001000 bytes flags: 0x0
[    0.000000]  reserved[0x1]	[0x0000000000080000-0x0000000000aaefff], 0x0000000000a2f000 bytes flags: 0x0
[    0.000000]  reserved[0x2]	[0x0000000008000000-0x000000000812ffff], 0x0000000000130000 bytes flags: 0x0
[    0.000000]  reserved[0x3]	[0x0000000008200000-0x000000000820befb], 0x000000000000befc bytes flags: 0x0
[    0.000000]  reserved[0x4]	[0x000000003ae00000-0x000000003affffff], 0x0000000000200000 bytes flags: 0x0
[    0.000000]  reserved[0x5]	[0x000000003b004000-0x000000003bdfffff], 0x0000000000dfc000 bytes flags: 0x0
[    0.000000]  reserved[0x6]	[0x000000003be05cc0-0x000000003be08d7f], 0x00000000000030c0 bytes flags: 0x0
[    0.000000]  reserved[0x7]	[0x000000003be08d90-0x000000003be08dc0], 0x0000000000000031 bytes flags: 0x0
[    0.000000]  reserved[0x8]	[0x000000003be08dc8-0x000000003be08df6], 0x000000000000002f bytes flags: 0x0
[    0.000000]  reserved[0x9]	[0x000000003be08df8-0x000000003be08e26], 0x000000000000002f bytes flags: 0x0
[    0.000000]  reserved[0xa]	[0x000000003be08e28-0x000000003bffffff], 0x00000000001f71d8 bytes flags: 0x0
[    0.000000] memblock_alloc_try_nid: 64 bytes align=0x40 nid=-1 from=0x0000000000000000 max_addr=0x0000000000000000 setup_arch+0x25c/0x538
[    0.000000] memblock_reserve: [0x000000003be05c80-0x000000003be05cbf] memblock_alloc_range_nid+0xd0/0x13c
[    0.000000] memblock_alloc_try_nid: 107 bytes align=0x40 nid=-1 from=0x0000000000000000 max_addr=0x0000000000000000 start_kernel+0xac/0x4d0
[    0.000000] memblock_reserve: [0x000000003be05c00-0x000000003be05c6a] memblock_alloc_range_nid+0xd0/0x13c
[    0.000000] memblock_alloc_try_nid: 107 bytes align=0x40 nid=-1 from=0x0000000000000000 max_addr=0x0000000000000000 start_kernel+0xd8/0x4d0
[    0.000000] memblock_reserve: [0x000000003be05b80-0x000000003be05bea] memblock_alloc_range_nid+0xd0/0x13c
[    0.000000] memblock_alloc_try_nid: 107 bytes align=0x40 nid=-1 from=0x0000000000000000 max_addr=0x0000000000000000 start_kernel+0xf8/0x4d0
[    0.000000] memblock_reserve: [0x000000003be05b00-0x000000003be05b6a] memblock_alloc_range_nid+0xd0/0x13c
[    0.000000] memblock_alloc_try_nid: 4096 bytes align=0x1000 nid=-1 from=0x0000000000000000 max_addr=0x0000000000000000 pcpu_alloc_alloc_info+0x58/0xa4
[    0.000000] memblock_reserve: [0x000000003be04000-0x000000003be04fff] memblock_alloc_range_nid+0xd0/0x13c
[    0.000000] memblock_alloc_try_nid: 4096 bytes align=0x40 nid=-1 from=0x0000000000000000 max_addr=0x0000000000000000 pcpu_embed_first_chunk+0x434/0x6cc
[    0.000000] memblock_reserve: [0x000000003be03000-0x000000003be03fff] memblock_alloc_range_nid+0xd0/0x13c
[    0.000000] memblock_alloc_try_nid: 507904 bytes align=0x1000 nid=-1 from=0x0000000000000000 max_addr=0x0000000000000000 pcpu_dfl_fc_alloc+0x38/0x44
[    0.000000] memblock_reserve: [0x000000003ad84000-0x000000003adfffff] memblock_alloc_range_nid+0xd0/0x13c
[    0.000000]    memblock_free: [0x000000003ada3000-0x000000003ada2fff] pcpu_dfl_fc_free+0x48/0x54
[    0.000000]    memblock_free: [0x000000003adc2000-0x000000003adc1fff] pcpu_dfl_fc_free+0x48/0x54
[    0.000000]    memblock_free: [0x000000003ade1000-0x000000003ade0fff] pcpu_dfl_fc_free+0x48/0x54
[    0.000000]    memblock_free: [0x000000003ae00000-0x000000003adfffff] pcpu_dfl_fc_free+0x48/0x54
[    0.000000] percpu: Embedded 31 pages/cpu s88448 r8192 d30336 u126976
[    0.000000] memblock_alloc_try_nid: 8 bytes align=0x40 nid=-1 from=0x0000000000000000 max_addr=0x0000000000000000 pcpu_setup_first_chunk+0x340/0x964
[    0.000000] memblock_reserve: [0x000000003be08d80-0x000000003be08d87] memblock_alloc_range_nid+0xd0/0x13c
[    0.000000] memblock_alloc_try_nid: 8 bytes align=0x40 nid=-1 from=0x0000000000000000 max_addr=0x0000000000000000 pcpu_setup_first_chunk+0x384/0x964
[    0.000000] memblock_reserve: [0x000000003be05ac0-0x000000003be05ac7] memblock_alloc_range_nid+0xd0/0x13c
[    0.000000] memblock_alloc_try_nid: 16 bytes align=0x40 nid=-1 from=0x0000000000000000 max_addr=0x0000000000000000 pcpu_setup_first_chunk+0x3cc/0x964
[    0.000000] memblock_reserve: [0x000000003be05a80-0x000000003be05a8f] memblock_alloc_range_nid+0xd0/0x13c
[    0.000000] memblock_alloc_try_nid: 32 bytes align=0x40 nid=-1 from=0x0000000000000000 max_addr=0x0000000000000000 pcpu_setup_first_chunk+0x410/0x964
[    0.000000] memblock_reserve: [0x000000003be05a40-0x000000003be05a5f] memblock_alloc_range_nid+0xd0/0x13c
[    0.000000] memblock_alloc_try_nid: 256 bytes align=0x40 nid=-1 from=0x0000000000000000 max_addr=0x0000000000000000 pcpu_setup_first_chunk+0x7c8/0x964
[    0.000000] memblock_reserve: [0x000000003be05940-0x000000003be05a3f] memblock_alloc_range_nid+0xd0/0x13c
[    0.000000] memblock_alloc_try_nid: 121 bytes align=0x40 nid=-1 from=0x0000000000000000 max_addr=0x0000000000000000 pcpu_alloc_first_chunk+0x80/0x2bc
[    0.000000] memblock_reserve: [0x000000003be058c0-0x000000003be05938] memblock_alloc_range_nid+0xd0/0x13c
[    0.000000] memblock_alloc_try_nid: 384 bytes align=0x40 nid=-1 from=0x0000000000000000 max_addr=0x0000000000000000 pcpu_alloc_first_chunk+0xcc/0x2bc
[    0.000000] memblock_reserve: [0x000000003be05740-0x000000003be058bf] memblock_alloc_range_nid+0xd0/0x13c
[    0.000000] memblock_alloc_try_nid: 392 bytes align=0x40 nid=-1 from=0x0000000000000000 max_addr=0x0000000000000000 pcpu_alloc_first_chunk+0x118/0x2bc
[    0.000000] memblock_reserve: [0x000000003be05580-0x000000003be05707] memblock_alloc_range_nid+0xd0/0x13c
[    0.000000] memblock_alloc_try_nid: 96 bytes align=0x40 nid=-1 from=0x0000000000000000 max_addr=0x0000000000000000 pcpu_alloc_first_chunk+0x140/0x2bc
[    0.000000] memblock_reserve: [0x000000003be05500-0x000000003be0555f] memblock_alloc_range_nid+0xd0/0x13c
[    0.000000] memblock_alloc_try_nid: 121 bytes align=0x40 nid=-1 from=0x0000000000000000 max_addr=0x0000000000000000 pcpu_alloc_first_chunk+0x80/0x2bc
[    0.000000] memblock_reserve: [0x000000003be05480-0x000000003be054f8] memblock_alloc_range_nid+0xd0/0x13c
[    0.000000] memblock_alloc_try_nid: 1024 bytes align=0x40 nid=-1 from=0x0000000000000000 max_addr=0x0000000000000000 pcpu_alloc_first_chunk+0xcc/0x2bc
[    0.000000] memblock_reserve: [0x000000003be05080-0x000000003be0547f] memblock_alloc_range_nid+0xd0/0x13c
[    0.000000] memblock_alloc_try_nid: 1032 bytes align=0x40 nid=-1 from=0x0000000000000000 max_addr=0x0000000000000000 pcpu_alloc_first_chunk+0x118/0x2bc
[    0.000000] memblock_reserve: [0x000000003be02bc0-0x000000003be02fc7] memblock_alloc_range_nid+0xd0/0x13c
[    0.000000] memblock_alloc_try_nid: 256 bytes align=0x40 nid=-1 from=0x0000000000000000 max_addr=0x0000000000000000 pcpu_alloc_first_chunk+0x140/0x2bc
[    0.000000] memblock_reserve: [0x000000003be02ac0-0x000000003be02bbf] memblock_alloc_range_nid+0xd0/0x13c
[    0.000000]    memblock_free: [0x000000003be04000-0x000000003be04fff] pcpu_free_alloc_info+0x44/0x50
[    0.000000] memblock_isolate_range: jjj start_rgn = <8>, end_rgn = <278281788>
[    0.000000]    memblock_free: [0x000000003be03000-0x000000003be03fff] pcpu_embed_first_chunk+0x6ac/0x6cc
[    0.000000] memblock_isolate_range: jjj start_rgn = <7>, end_rgn = <278281820>
[    0.000000] Detected VIPT I-cache on CPU0
[    0.000000] CPU features: detected: ARM erratum 845719
[    0.000000] CPU features: detected: ARM erratum 843419
[    0.000000] Built 1 zonelists, mobility grouping on.  Total pages: 242400
[    0.000000] Kernel command line: route=172.17.0.3 iface=eth0 root=/dev/ram0 earlycon=pl011,0x3f201000 memblock=debug console=ttyAMA0,115200
[    0.000000] printk: log_buf_len individual max cpu contribution: 131072 bytes
[    0.000000] printk: log_buf_len total cpu_extra contributions: 393216 bytes
[    0.000000] printk: log_buf_len min size: 131072 bytes
[    0.000000] memblock_alloc_try_nid: 524288 bytes align=0x4 nid=-1 from=0x0000000000000000 max_addr=0x0000000000000000 setup_log_buf+0xe8/0x1e0
[    0.000000] memblock_reserve: [0x000000003ad04000-0x000000003ad83fff] memblock_alloc_range_nid+0xd0/0x13c
[    0.000000] printk: log_buf_len: 524288 bytes
[    0.000000] printk: early log buf free: 63084(48%)
[    0.000000] memblock_alloc_try_nid: 1048576 bytes align=0x40 nid=-1 from=0x0000000000000000 max_addr=0x0000000000000000 alloc_large_system_hash+0x1ac/0x334
[    0.000000] memblock_reserve: [0x000000003ac04000-0x000000003ad03fff] memblock_alloc_range_nid+0xd0/0x13c
[    0.000000] Dentry cache hash table entries: 131072 (order: 8, 1048576 bytes, linear)
[    0.000000] memblock_alloc_try_nid: 524288 bytes align=0x40 nid=-1 from=0x0000000000000000 max_addr=0x0000000000000000 alloc_large_system_hash+0x1ac/0x334
[    0.000000] memblock_reserve: [0x000000003ab84000-0x000000003ac03fff] memblock_alloc_range_nid+0xd0/0x13c
[    0.000000] Inode-cache hash table entries: 65536 (order: 7, 524288 bytes, linear)
[    0.000000] mem auto-init: stack:off, heap alloc:off, heap free:off
[    0.000000] memblock_isolate_range: jjj start_rgn = <0>, end_rgn = <278281948>
[    0.000000] Memory: 950400K/983040K available (5310K kernel code, 544K rwdata, 1900K rodata, 1792K init, 792K bss, 32640K reserved, 0K cma-reserved)
[    0.000000] ftrace: allocating 18883 entries in 74 pages
[    0.000000] 
[    0.000000] **********************************************************
[    0.000000] **   NOTICE NOTICE NOTICE NOTICE NOTICE NOTICE NOTICE   **
[    0.000000] **                                                      **
[    0.000000] ** trace_printk() being used. Allocating extra memory.  **
[    0.000000] **                                                      **
[    0.000000] ** This means that this is a DEBUG kernel and it is     **
[    0.000000] ** unsafe for production use.                           **
[    0.000000] **                                                      **
[    0.000000] ** If you see this message and you are not debugging    **
[    0.000000] ** the kernel, report this immediately to your vendor!  **
[    0.000000] **                                                      **
[    0.000000] **   NOTICE NOTICE NOTICE NOTICE NOTICE NOTICE NOTICE   **
[    0.000000] **********************************************************
[    0.000000] rcu: Preemptible hierarchical RCU implementation.
[    0.000000] 	Tasks RCU enabled.
[    0.000000] rcu: RCU calculated value of scheduler-enlistment delay is 100 jiffies.
[    0.000000] NR_IRQS: 64, nr_irqs: 64, preallocated irqs: 0
[    0.000000] arch_timer: cp15 timer(s) running at 62.50MHz (phys).
[    0.000000] clocksource: arch_sys_counter: mask: 0xffffffffffffff max_cycles: 0x1cd42e208c, max_idle_ns: 881590405314 ns
[    0.000764] sched_clock: 56 bits at 62MHz, resolution 16ns, wraps every 4398046511096ns
[    0.022715] Console: colour dummy device 80x25
[    0.026025] Calibrating delay loop (skipped), value calculated using timer frequency.. 125.00 BogoMIPS (lpj=62500)
[    0.027538] pid_max: default: 32768 minimum: 301
[    0.038187] Mount-cache hash table entries: 2048 (order: 2, 16384 bytes, linear)
[    0.040378] Mountpoint-cache hash table entries: 2048 (order: 2, 16384 bytes, linear)
[    0.107843] ASID allocator initialised with 32768 entries
[    0.114380] rcu: Hierarchical SRCU implementation.
[    0.128314] smp: Bringing up secondary CPUs ...
[    0.170243] Detected VIPT I-cache on CPU1
[    0.171175] CPU1: Booted secondary processor 0x0000000001 [0x410fd034]
[    0.202740] Detected VIPT I-cache on CPU2
[    0.203237] CPU2: Booted secondary processor 0x0000000002 [0x410fd034]
[    0.235036] Detected VIPT I-cache on CPU3
[    0.235265] CPU3: Booted secondary processor 0x0000000003 [0x410fd034]
[    0.237632] smp: Brought up 1 node, 4 CPUs
[    0.247760] SMP: Total of 4 processors activated.
[    0.249310] CPU features: detected: 32-bit EL0 Support
[    0.251828] CPU features: detected: CRC32 instructions
[    0.256686] CPU: All CPU(s) started at EL2
[    0.258541] alternatives: patching kernel code
[    0.299605] devtmpfs: initialized
[    0.368646] random: get_random_u32 called from bucket_table_alloc.isra.27+0x5c/0x18c with crng_init=0
[    0.374889] Registered cp15_barrier emulation handler
[    0.377844] Registered setend emulation handler
[    0.384216] clocksource: jiffies: mask: 0xffffffff max_cycles: 0xffffffff, max_idle_ns: 1911260446275000 ns
[    0.387749] futex hash table entries: 1024 (order: 4, 65536 bytes, linear)
[    0.390123] __setup_per_zone_wmarks: jjj lowmem_pages--<237600>
[    0.394274] pinctrl core: initialized pinctrl subsystem
[    0.431300] hw-breakpoint: found 6 breakpoint and 4 watchpoint registers.
[    0.440695] DMA: preallocated 256 KiB pool for atomic allocations
[    0.443682] Serial: AMBA PL011 UART driver
[    0.641864] vgaarb: loaded
[    0.658067] SCSI subsystem initialized
[    0.678070] clocksource: Switched to clocksource arch_sys_counter
[    1.142705] FS-Cache: Loaded
[    1.150748] CacheFiles: Loaded
[    1.268811] PCI: CLS 0 bytes, default 64
[    1.285291] Trying to unpack rootfs image as initramfs...
[    1.676007]    memblock_free: [0x0000000008000000-0x000000000812ffff] free_initrd_mem+0x7c/0xa0
[    1.676665] memblock_isolate_range: jjj start_rgn = <2>, end_rgn = <979877132>
[    1.688886] Freeing initrd memory: 1212K
[    1.706848] hw perfevents: enabled with armv8_cortex_a53 PMU driver, 5 counters available
[    1.723540] workingset: timestamp_bits=62 max_order=18 bucket_order=0
[    1.737020] fuse: init (API version 7.31)
[    1.747443] io scheduler mq-deadline registered
[    1.822774] bcm2835-aux-uart 3f215040.serial: unable to register 8250 port - -22
[    1.825921] bcm2835-aux-uart: probe of 3f215040.serial failed with error -22
[    1.842564] bcm2835-rng 3f104000.rng: hwrng registered
[    1.849179] cacheinfo: Unable to detect cache hierarchy for CPU 0
[    1.965015] brd: module loaded
[    2.020376] loop: module loaded
[    2.024409] bcm2835-power bcm2835-power: ASB register ID returned 0x00000000
[    2.034766] mousedev: PS/2 mouse device common for all mice
[    2.043078] i2c /dev entries driver
[    2.063994] i2c-bcm2835 3f805000.i2c: Could not read clock-frequency property
[    2.080956] bcm2835-wdt bcm2835-wdt: Broadcom BCM2835 watchdog timer
[    2.095712] sdhci: Secure Digital Host Controller Interface driver
[    2.096124] sdhci: Copyright(c) Pierre Ossman
[    2.099246] sdhci-pltfm: SDHCI platform and OF driver helper
[    2.130170] ledtrig-cpu: registered to indicate activity on CPUs
[    2.134708] hidraw: raw HID events driver (C) Jiri Kosina
[    2.148784] bcm2835-mbox 3f00b880.mailbox: mailbox enabled
[    2.223579] 3f201000.serial: ttyAMA0 at MMIO 0x3f201000 (irq = 66, base_baud = 0) is a PL011 rev2
[    2.233011] printk: console [ttyAMA0] enabled
[    2.233011] printk: console [ttyAMA0] enabled
[    2.234705] printk: bootconsole [pl11] disabled
[    2.234705] printk: bootconsole [pl11] disabled
[    2.266337] raspberrypi-firmware soc:firmware: Attached to firmware from 1970-01-05 00:12
[    2.275634] vchiq: vchiq_init_state: slot_zero = (____ptrval____)
[    2.291438] bcm2835_vchiq 3f00b840.mailbox: failed to set channelbase
[    2.291798] vchiq: could not load vchiq
[    2.323675] uart-pl011 3f201000.serial: no DMA platform data
[    2.599861] Freeing unused kernel memory: 1792K
[    2.612724] hrtimer: interrupt took 4072096 ns
[    2.644145] Run /init as init process
Starting syslogd: OK
Starting klogd: OK
Initializing random number generator... [    4.284774] random: dd: uninitialized urandom read (512 bytes read)
done.
Starting network: QEMU: Terminated
make[1]:正在离开目录 `/labs/linux-lab'
