make[1]: 正在进入目录 `/labs/linux-lab'
sudo env PATH=/labs/linux-lab/output/aarch64/qemu-v4.1.1-raspi3/aarch64-softmmu/:/usr/local/sbin:/usr/local/bin:/usr/sbin:/usr/bin:/sbin:/bin  qemu-system-aarch64  -M raspi3 -m 1024M  -smp 4 -kernel /labs/linux-lab/output/aarch64/linux-v5.3.9-raspi3/arch/arm64/boot/Image -no-reboot  -initrd /labs/linux-lab/output/aarch64/buildroot-2019.02.2-raspi3/images/rootfs.cpio.gz -dtb /labs/linux-lab/output/aarch64/linux-v5.3.9-raspi3/arch/arm64/boot/dts/broadcom/bcm2837-rpi-3-b-plus.dtb -nographic -cpu cortex-a53 -serial mon:stdio -append 'route=172.17.0.3 iface=eth0 root=/dev/ram0 earlycon=pl011,0x3f201000 console=ttyAMA0,115200'
[    0.000000] Booting Linux on physical CPU 0x0000000000 [0x410fd034]
[    0.000000] Linux version 5.3.9-v8+ (root@linux-lab) (gcc version 4.9.3 20150413 (prerelease) (Linaro GCC 4.9-2015.05)) #14 SMP PREEMPT Sun Dec 1 06:32:34 UTC 2019
[    0.000000] Machine model: Raspberry Pi 3 Model B+
[    0.000000] earlycon: pl11 at MMIO 0x000000003f201000 (options '')
[    0.000000] printk: bootconsole [pl11] enabled
[    0.000000] arm64_memblock_init: jjj linear region size--<256MB>
[    0.000000] fdt_enforce_memory_region: jjj fdt_enforce_memory_region start ...
[    0.000000] memblock_isolate_range: jjj start_rgn = <0>, end_rgn = <0>
[    0.000000] memblock_isolate_range: jjj start_rgn = <0>, end_rgn = <0>
[    0.000000] memblock_isolate_range: jjj start_rgn = <1>, end_rgn = <2>
[    0.000000] memblock_isolate_range: jjj start_rgn = <1>, end_rgn = <2>
[    0.000000] memblock_isolate_range: jjj start_rgn = <1>, end_rgn = <2>
[    0.000000] memblock_isolate_range: jjj start_rgn = <2>, end_rgn = <3>
[    0.000000] memblock_isolate_range: jjj start_rgn = <6>, end_rgn = <7>
[    0.000000] percpu: Embedded 31 pages/cpu s88320 r8192 d30464 u126976
[    0.000000] memblock_isolate_range: jjj start_rgn = <8>, end_rgn = <9>
[    0.000000] memblock_isolate_range: jjj start_rgn = <7>, end_rgn = <8>
[    0.000000] Detected VIPT I-cache on CPU0
[    0.000000] CPU features: detected: ARM erratum 845719
[    0.000000] CPU features: detected: ARM erratum 843419
[    0.000000] Built 1 zonelists, mobility grouping on.  Total pages: 241920
[    0.000000] Kernel command line: route=172.17.0.3 iface=eth0 root=/dev/ram0 earlycon=pl011,0x3f201000 console=ttyAMA0,115200
[    0.000000] Dentry cache hash table entries: 131072 (order: 8, 1048576 bytes, linear)
[    0.000000] Inode-cache hash table entries: 65536 (order: 7, 524288 bytes, linear)
[    0.000000] mem auto-init: stack:off, heap alloc:off, heap free:off
[    0.000000] memblock_isolate_range: jjj start_rgn = <0>, end_rgn = <1>
[    0.000000] Memory: 949068K/983040K available (5182K kernel code, 542K rwdata, 1864K rodata, 1792K init, 784K bss, 33972K reserved, 0K cma-reserved)
[    0.000000] SLUB: HWalign=64, Order=0-3, MinObjects=0, CPUs=4, Nodes=1
[    0.000000] ftrace: allocating 18518 entries in 73 pages
[    0.000000] 
[    0.000000] **********************************************************
[    0.000000] **   NOTICE NOTICE NOTICE NOTICE NOTICE NOTICE NOTICE   **
[    0.000000] **                                                      **
[    0.000000] ** trace_printk() being used. Allocating extra memory.  **
[    0.000000] **                                                      **
[    0.000000] ** This means that this is a DEBUG kernel and it is     **
[    0.000000] ** unsafe for production use.                           **
[    0.000000] **                                                      **
[    0.000000] ** If you see this message and you are not debugging    **
[    0.000000] ** the kernel, report this immediately to your vendor!  **
[    0.000000] **                                                      **
[    0.000000] **   NOTICE NOTICE NOTICE NOTICE NOTICE NOTICE NOTICE   **
[    0.000000] **********************************************************
[    0.000000] rcu: Preemptible hierarchical RCU implementation.
[    0.000000] 	Tasks RCU enabled.
[    0.000000] rcu: RCU calculated value of scheduler-enlistment delay is 100 jiffies.
[    0.000000] NR_IRQS: 64, nr_irqs: 64, preallocated irqs: 0
[    0.000000] arch_timer: cp15 timer(s) running at 62.50MHz (phys).
[    0.000000] clocksource: arch_sys_counter: mask: 0xffffffffffffff max_cycles: 0x1cd42e208c, max_idle_ns: 881590405314 ns
[    0.000336] sched_clock: 56 bits at 62MHz, resolution 16ns, wraps every 4398046511096ns
[    0.014347] Console: colour dummy device 80x25
[    0.017971] Calibrating delay loop (skipped), value calculated using timer frequency.. 125.00 BogoMIPS (lpj=62500)
[    0.019050] pid_max: default: 32768 minimum: 301
[    0.022531] Mount-cache hash table entries: 2048 (order: 2, 16384 bytes, linear)
[    0.022790] Mountpoint-cache hash table entries: 2048 (order: 2, 16384 bytes, linear)
[    0.086366] ASID allocator initialised with 32768 entries
[    0.089525] rcu: Hierarchical SRCU implementation.
[    0.102326] smp: Bringing up secondary CPUs ...
[    0.130470] Detected VIPT I-cache on CPU1
[    0.131311] CPU1: Booted secondary processor 0x0000000001 [0x410fd034]
[    0.150725] Detected VIPT I-cache on CPU2
[    0.151066] CPU2: Booted secondary processor 0x0000000002 [0x410fd034]
[    0.169142] Detected VIPT I-cache on CPU3
[    0.169774] CPU3: Booted secondary processor 0x0000000003 [0x410fd034]
[    0.171727] smp: Brought up 1 node, 4 CPUs
[    0.173346] SMP: Total of 4 processors activated.
[    0.173833] CPU features: detected: 32-bit EL0 Support
[    0.174358] CPU features: detected: CRC32 instructions
[    0.178093] CPU: All CPU(s) started at EL2
[    0.179217] alternatives: patching kernel code
[    0.211194] devtmpfs: initialized
[    0.247232] random: get_random_u32 called from bucket_table_alloc.isra.27+0x5c/0x184 with crng_init=0
[    0.253142] Registered cp15_barrier emulation handler
[    0.254892] Registered setend emulation handler
[    0.261476] clocksource: jiffies: mask: 0xffffffff max_cycles: 0xffffffff, max_idle_ns: 1911260446275000 ns
[    0.263712] futex hash table entries: 1024 (order: 4, 65536 bytes, linear)
[    0.266703] __setup_per_zone_wmarks: jjj lowmem_pages--<237267>
[    0.270398] pinctrl core: initialized pinctrl subsystem
[    0.302239] hw-breakpoint: found 6 breakpoint and 4 watchpoint registers.
[    0.309707] DMA: preallocated 256 KiB pool for atomic allocations
[    0.312582] Serial: AMBA PL011 UART driver
[    0.482815] vgaarb: loaded
[    0.486374] SCSI subsystem initialized
[    0.499011] clocksource: Switched to clocksource arch_sys_counter
[    0.874112] FS-Cache: Loaded
[    0.879663] CacheFiles: Loaded
[    0.970559] PCI: CLS 0 bytes, default 64
[    0.981958] Trying to unpack rootfs image as initramfs...
[    1.301923] memblock_isolate_range: jjj start_rgn = <2>, end_rgn = <3>
[    1.309318] Freeing initrd memory: 1212K
[    1.324550] hw perfevents: enabled with armv8_cortex_a53 PMU driver, 5 counters available
[    1.338928] workingset: timestamp_bits=62 max_order=18 bucket_order=0
[    1.382294] io scheduler mq-deadline registered
[    1.453057] bcm2835-aux-uart 3f215040.serial: unable to register 8250 port - -22
[    1.456544] bcm2835-aux-uart: probe of 3f215040.serial failed with error -22
[    1.468412] bcm2835-rng 3f104000.rng: hwrng registered
[    1.478817] cacheinfo: Unable to detect cache hierarchy for CPU 0
[    1.569332] brd: module loaded
[    1.616325] loop: module loaded
[    1.626408] bcm2835-power bcm2835-power: ASB register ID returned 0x00000000
[    1.635113] mousedev: PS/2 mouse device common for all mice
[    1.642882] i2c /dev entries driver
[    1.660644] i2c-bcm2835 3f805000.i2c: Could not read clock-frequency property
[    1.668780] bcm2835-wdt bcm2835-wdt: Broadcom BCM2835 watchdog timer
[    1.676340] sdhci: Secure Digital Host Controller Interface driver
[    1.676563] sdhci: Copyright(c) Pierre Ossman
[    1.677599] sdhci-pltfm: SDHCI platform and OF driver helper
[    1.700774] ledtrig-cpu: registered to indicate activity on CPUs
[    1.705438] hidraw: raw HID events driver (C) Jiri Kosina
[    1.711866] bcm2835-mbox 3f00b880.mailbox: mailbox enabled
[    1.762289] 3f201000.serial: ttyAMA0 at MMIO 0x3f201000 (irq = 66, base_baud = 0) is a PL011 rev2
[    1.765043] uart_get_baud_rate: jjj port->flags--<268435456>, flags-<0>
[    1.766253] uart_get_baud_rate: jjj hung_up--<1>, baud--<9600>, min--<0>, max--<0>
[    1.767027] ------------[ cut here ]------------
[    1.768479] WARNING: CPU: 3 PID: 52 at /labs/linux-lab/linux-stable/drivers/tty/serial/serial_core.c:471 uart_get_baud_rate+0x100/0x1d4
[    1.769107] Modules linked in:
[    1.770186] CPU: 3 PID: 52 Comm: kworker/3:1 Not tainted 5.3.9-v8+ #14
[    1.770426] Hardware name: Raspberry Pi 3 Model B+ (DT)
[    1.771823] Workqueue: events deferred_probe_work_func
[    1.772739] pstate: 60000005 (nZCv daif -PAN -UAO)
[    1.772985] pc : uart_get_baud_rate+0x100/0x1d4
[    1.773503] lr : uart_get_baud_rate+0x100/0x1d4
[    1.774485] sp : ffffffc039a6f910
[    1.774748] x29: ffffffc039a6f910 x28: 0000000000000000 
[    1.776560] x27: 0000000000000000 x26: ffffff80105d9000 
[    1.776785] x25: 0000000000009600 x24: ffffff8010701e40 
[    1.777189] x23: 0000000000000001 x22: 0000000000000000 
[    1.777592] x21: 0000000000000001 x20: ffffffc039a6fa10 
[    1.778173] x19: 0000000000002580 x18: 0000000000000014 
[    1.778329] x17: 00000000b4b09952 x16: 0000000000000000 
[    1.778732] x15: 0000000000000000 x14: 0000000000000cb0 
[    1.778897] x13: 0000000000000000 x12: ffffff80105d81a0 
[    1.779052] x11: 0000000000000000 x10: 0000000000000000 
[    1.779239] x9 : 0000000000000006 x8 : 0000000000000000 
[    1.779740] x7 : 0000000000000001 x6 : ffffffc039a6f618 
[    1.779968] x5 : ffffff8010938000 x4 : ffffff80100f2318 
[    1.780342] x3 : 0000000000000000 x2 : ffffff8010945bb8 
[    1.780487] x1 : ffffffc039f655c0 x0 : 0000000000000024 
[    1.781310] Call trace:
[    1.781485]  uart_get_baud_rate+0x100/0x1d4
[    1.781920]  pl011_set_termios+0x60/0x3a4
[    1.782341]  uart_set_options+0xe4/0x140
[    1.782672]  pl011_console_setup+0x1a0/0x1b0
[    1.782806]  register_console+0x300/0x398
[    1.782985]  uart_add_one_port+0x3cc/0x44c
[    1.783817]  pl011_register_port+0x70/0xf4
[    1.783951]  pl011_probe+0x120/0x138
[    1.784087]  amba_probe+0x78/0x8c
[    1.784433]  really_probe+0x1c0/0x2d0
[    1.784567]  driver_probe_device+0xa8/0xc8
[    1.784932]  __device_attach_driver+0x98/0xb4
[    1.785073]  bus_for_each_drv+0x64/0xa4
[    1.785199]  __device_attach+0xbc/0xf0
[    1.785547]  device_initial_probe+0x24/0x30
[    1.785910]  bus_probe_device+0x9c/0xa4
[    1.786048]  deferred_probe_work_func+0x78/0xac
[    1.786455]  process_one_work+0x164/0x3fc
[    1.786872]  worker_thread+0x368/0x3f0
[    1.787216]  kthread+0xf8/0x124
[    1.787344]  ret_from_fork+0x10/0x18
[    1.788066] ---[ end trace 1ac084ee9640f9cd ]---
[    1.789794] printk: console [ttyAMA0] enabled
[    1.789794] printk: console [ttyAMA0] enabled
[    1.791332] printk: bootconsole [pl11] disabled
[    1.791332] printk: bootconsole [pl11] disabled
[    1.817699] raspberrypi-firmware soc:firmware: Attached to firmware from 1970-01-05 00:12
[    1.826797] vchiq: vchiq_init_state: slot_zero = (____ptrval____)
[    1.840339] bcm2835_vchiq 3f00b840.mailbox: failed to set channelbase
[    1.842136] vchiq: could not load vchiq
[    1.874739] uart-pl011 3f201000.serial: no DMA platform data
[    1.876499] uart_get_baud_rate: jjj port->flags--<268435456>, flags-<0>
[    1.876735] uart_get_baud_rate: jjj hung_up--<1>, baud--<9600>, min--<0>, max--<0>
[    1.877323] uart_get_baud_rate: jjj hung_up--<1>, baud--<9600>, min--<0>, max--<0>
[    1.878672] ------------[ cut here ]------------
[    1.879699] WARNING: CPU: 3 PID: 1 at /labs/linux-lab/linux-stable/drivers/tty/serial/serial_core.c:471 uart_get_baud_rate+0x100/0x1d4
[    1.880535] Modules linked in:
[    1.881699] CPU: 3 PID: 1 Comm: swapper/0 Tainted: G        W         5.3.9-v8+ #14
[    1.882182] Hardware name: Raspberry Pi 3 Model B+ (DT)
[    1.882369] pstate: 60000005 (nZCv daif -PAN -UAO)
[    1.882799] pc : uart_get_baud_rate+0x100/0x1d4
[    1.882949] lr : uart_get_baud_rate+0x100/0x1d4
[    1.883080] sp : ffffffc03a68b8e0
[    1.883419] x29: ffffffc03a68b8e0 x28: 0000000000000000 
[    1.883615] x27: 0000000000000000 x26: ffffff80105d9000 
[    1.883759] x25: 0000000000009600 x24: ffffff8010701e40 
[    1.884183] x23: 0000000000000001 x22: 0000000000000000 
[    1.884419] x21: 0000000000000001 x20: ffffffc0390ced10 
[    1.884884] x19: 0000000000002580 x18: 00000000000017df 
[    1.885259] x17: 0000000000001000 x16: 0000000000001c00 
[    1.885847] x15: 0000000000001400 x14: 3c2d2d78616d202c 
[    1.886415] x13: 3e303c2d2d6e696d x12: 202c3e303036393c 
[    1.886999] x11: 2d2d64756162202c x10: 0000000000000000 
[    1.887437] x9 : 0000000000000006 x8 : 0000000000000000 
[    1.887605] x7 : 0000000000000001 x6 : ffffffc03a68b5e8 
[    1.887785] x5 : ffffff8010938000 x4 : ffffff80100f2318 
[    1.888309] x3 : 0000000000000000 x2 : ffffff8010945bb8 
[    1.888664] x1 : ffffffc03a680000 x0 : 0000000000000024 
[    1.889064] Call trace:
[    1.889180]  uart_get_baud_rate+0x100/0x1d4
[    1.889682]  pl011_set_termios+0x60/0x3a4
[    1.890193]  uart_change_speed+0x60/0x118
[    1.890557]  uart_startup.part.19+0x154/0x284
[    1.890962]  uart_port_activate+0x64/0x98
[    1.891360]  tty_port_open+0x9c/0x108
[    1.891587]  uart_open+0x2c/0x40
[    1.891988]  tty_open+0xdc/0x3ec
[    1.892378]  chrdev_open+0xa4/0x1ac
[    1.892645]  do_dentry_open+0x208/0x3dc
[    1.892873]  vfs_open+0x38/0x44
[    1.893021]  path_openat+0x368/0xe88
[    1.893370]  do_filp_open+0x6c/0xe8
[    1.893750]  do_sys_open+0x14c/0x22c
[    1.894469]  kernel_init_freeable+0x278/0x340
[    1.894657]  kernel_init+0x18/0x108
[    1.895064]  ret_from_fork+0x10/0x18
[    1.895463] ---[ end trace 1ac084ee9640f9ce ]---
[    2.156068] Freeing unused kernel memory: 1792K
[    2.170740] Run /init as init process
[    2.370050] uart_get_baud_rate: jjj port->flags--<268435456>, flags-<0>
[    2.370875] uart_get_baud_rate: jjj hung_up--<1>, baud--<9600>, min--<0>, max--<0>
[    2.372834] ------------[ cut here ]------------
[    2.373803] WARNING: CPU: 2 PID: 1 at /labs/linux-lab/linux-stable/drivers/tty/serial/serial_core.c:471 uart_get_baud_rate+0x100/0x1d4
[    2.377109] Modules linked in:
[    2.378686] CPU: 2 PID: 1 Comm: init Tainted: G        W         5.3.9-v8+ #14
[    2.379316] Hardware name: Raspberry Pi 3 Model B+ (DT)
[    2.380074] pstate: 60000005 (nZCv daif -PAN -UAO)
[    2.380836] pc : uart_get_baud_rate+0x100/0x1d4
[    2.381058] lr : uart_get_baud_rate+0x100/0x1d4
[    2.381187] sp : ffffffc03a68ba20
[    2.381294] x29: ffffffc03a68ba20 x28: 0000000000000000 
[    2.381445] x27: 0000000000000000 x26: ffffff80105d9000 
[    2.381602] x25: 0000000000009600 x24: ffffff8010701e40 
[    2.381758] x23: 0000000000000001 x22: 0000000000000000 
[    2.381917] x21: 0000000000000001 x20: ffffffc0390ced10 
[    2.383212] x19: 0000000000002580 x18: 0000000000000000 
[    2.383913] x17: 0000000000000000 x16: 0000000000000000 
[    2.384278] x15: 0000000000000000 x14: 616d202c3e303c2d 
[    2.384551] x13: 2d6e696d202c3e30 x12: 3036393c2d2d6475 
[    2.384744] x11: 6162202c3e313c2d x10: 0000000000000000 
[    2.384899] x9 : 0000000000000006 x8 : 0000000000000000 
[    2.385052] x7 : 0000000000000001 x6 : ffffffc03a68b728 
[    2.385207] x5 : ffffff8010938000 x4 : ffffff80100f2318 
[    2.385361] x3 : 0000000000000000 x2 : ffffff8010945bb8 
[    2.385515] x1 : ffffffc03a680000 x0 : 0000000000000024 
[    2.385672] Call trace:
[    2.385774]  uart_get_baud_rate+0x100/0x1d4
[    2.385901]  pl011_set_termios+0x60/0x3a4
[    2.386030]  uart_change_speed+0x60/0x118
[    2.386157]  uart_set_termios+0x7c/0x164
[    2.386287]  tty_set_termios+0x164/0x1f8
[    2.386412]  set_termios+0x148/0x424
[    2.386534]  tty_mode_ioctl+0x4e0/0x604
[    2.386658]  n_tty_ioctl_helper+0x54/0x144
[    2.386787]  n_tty_ioctl+0xec/0x1e8
[    2.386904]  tty_ioctl+0x120/0xb34
[    2.387025]  do_vfs_ioctl+0xb0/0x8a0
[    2.387141]  ksys_ioctl+0x50/0x98
[    2.387726]  __arm64_sys_ioctl+0x28/0x38
[    2.388841]  el0_svc_common.constprop.3+0xd8/0x178
[    2.389578]  el0_svc_handler+0x80/0x9c
[    2.389721]  el0_svc+0x8/0x700
[    2.389844] ---[ end trace 1ac084ee9640f9cf ]---
Starting syslogd: OK
[    3.074665] hrtimer: interrupt took 12082592 ns
Starting klogd: OK
Initializing random number generator... [    3.637346] random: dd: uninitialized urandom read (512 bytes read)
done.
Starting network: route: can't open '/proc/net/route': No such file or directory
eth: eth0, ip: 172.17.0.45, gw: 172.17.0.3
ip: socket: Function not implemented
ip: socket: Function not implemented
FAIL

Welcome to Linux Lab
linux-lab login: QEMU: Terminated
make[1]:正在离开目录 `/labs/linux-lab'
