make[1]: Entering directory `/labs/linux-lab'
sudo env PATH=/labs/linux-lab/boards/aarch64/raspi3/bsp/qemu/v2.12.0/bin/:/usr/local/sbin:/usr/local/bin:/usr/sbin:/usr/bin:/sbin:/bin  qemu-system-aarch64  -M raspi3 -m 1024M  -smp 4 -kernel /labs/linux-lab/boards/aarch64/raspi3/bsp/kernel/v5.1/Image -no-reboot  -dtb /labs/linux-lab/boards/aarch64/raspi3/bsp/kernel/v5.1/bcm2710-rpi-3-b.dtb -drive if=sd,file=/labs/linux-lab/boards/aarch64/raspi3/bsp/root/2019.02.2/rootfs.ext2,format=raw,id=mmc0 -nographic -cpu cortex-a53 -serial mon:stdio -append 'route=172.17.0.3 iface=eth0 rw fsck.repair=yes rootwait root=/dev/mmcblk0 earlycon=pl011,0x3f201000 console=ttyAMA0,115200'
[    0.000000] Booting Linux on physical CPU 0x0000000000 [0x410fd034]
[    0.000000] Linux version 5.1.0-v8+ (ubuntu@efe88df845f7) (gcc version 4.9.3 20150413 (prerelease) (Linaro GCC 4.9-2015.05)) #12 SMP PREEMPT Tue Jun 18 01:10:43 UTC 2019
[    0.000000] Machine model: Raspberry Pi 3 Model B
[    0.000000] earlycon: pl11 at MMIO 0x000000003f201000 (options '')
[    0.000000] printk: bootconsole [pl11] enabled
[    0.000000] percpu: Embedded 25 pages/cpu s63744 r8192 d30464 u102400
[    0.000000] Detected VIPT I-cache on CPU0
[    0.000000] CPU features: detected: ARM erratum 845719
[    0.000000] CPU features: detected: ARM erratum 843419
[    0.000000] Built 1 zonelists, mobility grouping on.  Total pages: 241920
[    0.000000] Kernel command line: route=172.17.0.3 iface=eth0 rw fsck.repair=yes rootwait root=/dev/mmcblk0 earlycon=pl011,0x3f201000 console=ttyAMA0,115200
[    0.000000] Dentry cache hash table entries: 131072 (order: 8, 1048576 bytes)
[    0.000000] Inode-cache hash table entries: 65536 (order: 7, 524288 bytes)
[    0.000000] Memory: 951244K/983040K available (4670K kernel code, 504K rwdata, 1660K rodata, 1664K init, 751K bss, 31796K reserved, 0K cma-reserved)
[    0.000000] SLUB: HWalign=64, Order=0-3, MinObjects=0, CPUs=4, Nodes=1
[    0.000000] ftrace: allocating 17053 entries in 67 pages
[    0.000000] rcu: Preemptible hierarchical RCU implementation.
[    0.000000] 	Tasks RCU enabled.
[    0.000000] rcu: RCU calculated value of scheduler-enlistment delay is 100 jiffies.
[    0.000000] NR_IRQS: 64, nr_irqs: 64, preallocated irqs: 0
[    0.000000] arch_timer: cp15 timer(s) running at 62.50MHz (phys).
[    0.000000] clocksource: arch_sys_counter: mask: 0xffffffffffffff max_cycles: 0x1cd42e208c, max_idle_ns: 881590405314 ns
[    0.000299] sched_clock: 56 bits at 62MHz, resolution 16ns, wraps every 4398046511096ns
[    0.018791] Console: colour dummy device 80x25
[    0.023970] Calibrating delay loop (skipped), value calculated using timer frequency.. 125.00 BogoMIPS (lpj=62500)
[    0.024976] pid_max: default: 32768 minimum: 301
[    0.037693] Mount-cache hash table entries: 2048 (order: 2, 16384 bytes)
[    0.038031] Mountpoint-cache hash table entries: 2048 (order: 2, 16384 bytes)
[    0.075824] *** VALIDATE proc ***
[    0.122661] ASID allocator initialised with 32768 entries
[    0.126486] rcu: Hierarchical SRCU implementation.
[    0.175594] smp: Bringing up secondary CPUs ...
[    0.221300] Detected VIPT I-cache on CPU1
[    0.222581] CPU1: Booted secondary processor 0x0000000001 [0x410fd034]
[    0.247682] Detected VIPT I-cache on CPU2
[    0.247877] CPU2: Booted secondary processor 0x0000000002 [0x410fd034]
[    0.259676] Detected VIPT I-cache on CPU3
[    0.260528] CPU3: Booted secondary processor 0x0000000003 [0x410fd034]
[    0.265580] smp: Brought up 1 node, 4 CPUs
[    0.267995] SMP: Total of 4 processors activated.
[    0.268606] CPU features: detected: 32-bit EL0 Support
[    0.269397] CPU features: detected: CRC32 instructions
[    0.321093] CPU: All CPU(s) started at EL2
[    0.332480] alternatives: patching kernel code
[    0.383574] devtmpfs: initialized
[    0.485003] random: get_random_u32 called from bucket_table_alloc.isra.20+0x8c/0x1a4 with crng_init=0
[    0.500307] Enabled cp15_barrier support
[    0.503055] Enabled setend support
[    0.520359] clocksource: jiffies: mask: 0xffffffff max_cycles: 0xffffffff, max_idle_ns: 1911260446275000 ns
[    0.528278] futex hash table entries: 1024 (order: 4, 65536 bytes)
[    0.537801] pinctrl core: initialized pinctrl subsystem
[    0.580985] vdso: 2 pages (1 code @ (____ptrval____), 1 data @ (____ptrval____))
[    0.581456] hw-breakpoint: found 6 breakpoint and 4 watchpoint registers.
[    0.585546] DMA: preallocated 256 KiB pool for atomic allocations
[    0.587137] Serial: AMBA PL011 UART driver
[    0.620379] bcm2835-mbox 3f00b880.mailbox: mailbox enabled
[    0.752317] bcm2835-dma 3f007000.dma: DMA legacy API manager at (____ptrval____), dmachans=0x1
[    0.765681] SCSI subsystem initialized
[    0.778368] raspberrypi-firmware soc:firmware: Attached to firmware from 1970-01-05 00:12, variant unknown
[    0.781957] raspberrypi-firmware soc:firmware: Firmware hash is 000000110000000c000000000000000500000000
[    0.802331] clocksource: Switched to clocksource arch_sys_counter
[    1.032106] FS-Cache: Loaded
[    1.037097] CacheFiles: Loaded
[    1.142514] hw perfevents: enabled with armv8_pmuv3 PMU driver, 1 counters available
[    1.145517] hw perfevents: enabled with armv8_cortex_a53 PMU driver, 1 counters available
[    1.160404] workingset: timestamp_bits=62 max_order=18 bucket_order=0
[    1.322082] io scheduler mq-deadline registered
[    1.351647] BCM2708FB: allocated DMA memory 0x00000000f9d90000
[    1.353918] BCM2708FB: allocated DMA channel 0
[    1.365166] fbcon: Deferring console take-over
[    1.386092] bcm2835-rng 3f104000.rng: hwrng registered
[    1.387986] vc-mem: phys_addr:0x00000000 mem_base=0x00000000 mem_size:0x00000000(0 MiB)
[    1.396256] gpiomem-bcm2835 3f200000.gpiomem: Initialised: Registers at 0x3f200000
[    1.399110] cacheinfo: Unable to detect cache hierarchy for CPU 0
[    1.520505] brd: module loaded
[    1.554880] loop: module loaded
[    1.557527] bcm2835-power bcm2835-power: ASB register ID returned 0x00000000
[    1.564650] mousedev: PS/2 mouse device common for all mice
[    1.568036] i2c /dev entries driver
[    1.581683] bcm2835-wdt bcm2835-wdt: Broadcom BCM2835 watchdog timer
[    1.585567] sdhci: Secure Digital Host Controller Interface driver
[    1.585886] sdhci: Copyright(c) Pierre Ossman
[    1.593800] mmc-bcm2835 3f300000.mmc: could not get clk, deferring probe
[    1.602292] sdhost-bcm2835 3f202000.mmc: could not get clk, deferring probe
[    1.603847] sdhci-pltfm: SDHCI platform and OF driver helper
[    1.614897] ledtrig-cpu: registered to indicate activity on CPUs
[    1.615941] hidraw: raw HID events driver (C) Jiri Kosina
[    1.619455] vchiq: vchiq_init_state: slot_zero = (____ptrval____)
[    1.654909] bcm2835_vchiq 3f00b840.mailbox: failed to set channelbase
[    1.655598] vchiq: could not load vchiq
[    1.775760] bcm2835-clk 3f101000.cprman: plla: couldn't lock PLL
[    1.877502] bcm2835-clk 3f101000.cprman: pllb: couldn't lock PLL
[    1.978652] bcm2835-clk 3f101000.cprman: pllc: couldn't lock PLL
[    2.080005] bcm2835-clk 3f101000.cprman: plld: couldn't lock PLL
[    2.181148] bcm2835-clk 3f101000.cprman: pllh: couldn't lock PLL
[    2.282614] bcm2835-clk 3f101000.cprman: plla: couldn't lock PLL
[    2.383747] bcm2835-clk 3f101000.cprman: plla: couldn't lock PLL
[    2.484731] bcm2835-clk 3f101000.cprman: pllb: couldn't lock PLL
[    2.586044] bcm2835-clk 3f101000.cprman: pllc: couldn't lock PLL
[    2.690385] bcm2835-clk 3f101000.cprman: pllc: couldn't lock PLL
[    2.791463] bcm2835-clk 3f101000.cprman: pllc: couldn't lock PLL
[    2.892463] bcm2835-clk 3f101000.cprman: pllc: couldn't lock PLL
[    2.994960] bcm2835-clk 3f101000.cprman: plld: couldn't lock PLL
[    3.096534] bcm2835-clk 3f101000.cprman: plld: couldn't lock PLL
[    3.198655] bcm2835-clk 3f101000.cprman: pllh: couldn't lock PLL
[    3.301682] bcm2835-clk 3f101000.cprman: pllh: couldn't lock PLL
[    3.402643] bcm2835-clk 3f101000.cprman: pllh: couldn't lock PLL
[    3.520533] bcm2835-clk 3f101000.cprman: plla: couldn't lock PLL
[    3.622072] bcm2835-clk 3f101000.cprman: plla: couldn't lock PLL
[    3.723658] bcm2835-clk 3f101000.cprman: plld: couldn't lock PLL
[    3.825649] bcm2835-clk 3f101000.cprman: plld: couldn't lock PLL
[    3.847398] uart-pl011 3f201000.serial: cts_event_workaround enabled
[    3.850534] 3f201000.serial: ttyAMA0 at MMIO 0x3f201000 (irq = 66, base_baud = 0) is a PL011 rev2
[    3.853468] printk: console [ttyAMA0] enabled
[    3.853468] printk: console [ttyAMA0] enabled
[    3.854878] printk: bootconsole [pl11] disabled
[    3.854878] printk: bootconsole [pl11] disabled
[    3.879762] bcm2835-aux-uart 3f215040.serial: unable to register 8250 port - -28
[    3.880683] bcm2835-aux-uart: probe of 3f215040.serial failed with error -28
[    3.885765] mmc-bcm2835 3f300000.mmc: mmc_debug:0 mmc_debug2:0
[    3.886029] mmc-bcm2835 3f300000.mmc: DMA channel allocated
[    3.926863] sdhost: log_buf @ (____ptrval____) (f9ff6000)
[    3.977576] mmc0: sdhost-bcm2835 loaded - DMA enabled (>1)
[    3.983456] of_cfs_init
[    3.986238] of_cfs_init: OK
[    3.993575] uart-pl011 3f201000.serial: no DMA platform data
[    3.999937] Waiting for root device /dev/mmcblk0...
[    4.029684] mmc0: host does not support reading read-only switch, assuming write-enable
[    4.034926] mmc0: new SD card at address 4567
[    4.054342] mmcblk0: mmc0:4567 QEMU! 6.00 MiB
[    4.093692] EXT4-fs (mmcblk0): mounting ext2 file system using the ext4 subsystem
[    4.129878] EXT4-fs (mmcblk0): warning: mounting unchecked fs, running e2fsck is recommended
[    4.148665] EXT4-fs (mmcblk0): mounted filesystem without journal. Opts: (null)
[    4.153736] VFS: Mounted root (ext2 filesystem) on device 179:0.
[    4.207821] devtmpfs: mounted
[    4.278821] Freeing unused kernel memory: 1664K
[    4.358258] Run /sbin/init as init process
[    5.013901] EXT4-fs (mmcblk0): re-mounted. Opts: block_validity,barrier,user_xattr,acl
Starting syslogd: OK
Starting klogd: OK
Initializing random number generator... [    6.061088] random: dd: uninitialized urandom read (512 bytes read)
done.
Starting network: IP: 172.17.0.177
Route: 172.17.0.3
ifconfig: socket: Function not implemented
route: socket: Function not implemented
run-parts: /etc/network/if-pre-up.d/config_iface: exit status 1
FAIL

Welcome to Linux Lab
linux-lab login: [   14.138206] mmc1: Timeout waiting for hardware interrupt.
[   24.377699] mmc1: Timeout waiting for hardware interrupt.
QEMU: Terminated
make[1]: Leaving directory `/labs/linux-lab'
